Component: ARM Compiler 5.06 update 7 (build 960) Tool: armlink [4d3601]

==============================================================================

Section Cross References

    startup_stm32h743xx.o(STACK) refers (Special) to heapauxi.o(.text) for __use_two_region_memory
    startup_stm32h743xx.o(HEAP) refers (Special) to heapauxi.o(.text) for __use_two_region_memory
    startup_stm32h743xx.o(RESET) refers (Special) to heapauxi.o(.text) for __use_two_region_memory
    startup_stm32h743xx.o(RESET) refers to startup_stm32h743xx.o(STACK) for __initial_sp
    startup_stm32h743xx.o(RESET) refers to startup_stm32h743xx.o(.text) for Reset_Handler
    startup_stm32h743xx.o(RESET) refers to mpu.o(i.MemManage_Handler) for MemManage_Handler
    startup_stm32h743xx.o(RESET) refers to port.o(.emb_text) for SVC_Handler
    startup_stm32h743xx.o(RESET) refers to usmart.o(i.TIM4_IRQHandler) for TIM4_IRQHandler
    startup_stm32h743xx.o(RESET) refers to usart.o(i.USART1_IRQHandler) for USART1_IRQHandler
    startup_stm32h743xx.o(.text) refers (Special) to heapauxi.o(.text) for __use_two_region_memory
    startup_stm32h743xx.o(.text) refers to __main.o(!!!main) for __main
    startup_stm32h743xx.o(.text) refers to startup_stm32h743xx.o(HEAP) for Heap_Mem
    startup_stm32h743xx.o(.text) refers to startup_stm32h743xx.o(STACK) for Stack_Mem
    test.o(i.main) refers to sys.o(i.Stm32_Clock_Init) for Stm32_Clock_Init
    test.o(i.main) refers to delay.o(i.delay_init) for delay_init
    test.o(i.main) refers to usart.o(i.uart_init) for uart_init
    test.o(i.main) refers to lcd.o(i.LCD_Init) for LCD_Init
    test.o(i.main) refers to w25qxx.o(i.W25QXX_Init) for W25QXX_Init
    test.o(i.main) refers to component_data_struct.o(i.Init_component_db) for Init_component_db
    test.o(i.main) refers to component_data_struct.o(i.Test_add_categoties) for Test_add_categoties
    test.o(i.main) refers to component_data_struct.o(.bss) for component_classifier
    test.o(i.main) refers to lcd.o(.data) for POINT_COLOR
    delay.o(i.delay_init) refers to delay.o(.data) for fac_us
    delay.o(i.delay_ms) refers to delay.o(i.delay_xms) for delay_xms
    delay.o(i.delay_us) refers to delay.o(.data) for fac_us
    delay.o(i.delay_xms) refers to delay.o(.data) for fac_us
    sys.o(i.Cache_Enable) refers to sys.o(i.SCB_EnableICache) for SCB_EnableICache
    sys.o(i.Cache_Enable) refers to sys.o(i.SCB_EnableDCache) for SCB_EnableDCache
    sys.o(i.MY_NVIC_Init) refers to sys.o(i.MY_NVIC_PriorityGroupConfig) for MY_NVIC_PriorityGroupConfig
    sys.o(i.Stm32_Clock_Init) refers to sys.o(i.Cache_Enable) for Cache_Enable
    sys.o(i.Stm32_Clock_Init) refers to sys.o(i.Sys_Clock_Set) for Sys_Clock_Set
    sys.o(i.Stm32_Clock_Init) refers to sys.o(i.MY_NVIC_SetVectorTable) for MY_NVIC_SetVectorTable
    sys.o(i.Sys_Standby) refers to sys.o(i.WFI_SET) for WFI_SET
    usart.o(.rev16_text) refers (Special) to use_no_semi_2.o(.text) for __use_no_semihosting
    usart.o(.revsh_text) refers (Special) to use_no_semi_2.o(.text) for __use_no_semihosting
    usart.o(.rrx_text) refers (Special) to use_no_semi_2.o(.text) for __use_no_semihosting
    usart.o(i.USART1_IRQHandler) refers (Special) to use_no_semi_2.o(.text) for __use_no_semihosting
    usart.o(i.USART1_IRQHandler) refers to usart.o(.data) for USART_RX_STA
    usart.o(i.USART1_IRQHandler) refers to usart.o(.bss) for USART_RX_BUF
    usart.o(i._sys_exit) refers (Special) to use_no_semi_2.o(.text) for __use_no_semihosting
    usart.o(i._ttywrch) refers (Special) to use_no_semi_2.o(.text) for __use_no_semihosting
    usart.o(i.fputc) refers (Special) to use_no_semi_2.o(.text) for __use_no_semihosting
    usart.o(i.uart_init) refers (Special) to use_no_semi_2.o(.text) for __use_no_semihosting
    usart.o(i.uart_init) refers to sys.o(i.GPIO_Set) for GPIO_Set
    usart.o(i.uart_init) refers to sys.o(i.GPIO_AF_Set) for GPIO_AF_Set
    usart.o(i.uart_init) refers to sys.o(i.MY_NVIC_Init) for MY_NVIC_Init
    usart.o(.bss) refers (Special) to use_no_semi_2.o(.text) for __use_no_semihosting
    usart.o(.data) refers (Special) to use_no_semi_2.o(.text) for __use_no_semihosting
    led.o(i.LED_Init) refers to sys.o(i.GPIO_Set) for GPIO_Set
    led.o(i.LED_Init) refers to sys.o(i.GPIO_Pin_Set) for GPIO_Pin_Set
    mpu.o(i.MPU_Memory_Protection) refers to mpu.o(i.MPU_Set_Protection) for MPU_Set_Protection
    mpu.o(i.MPU_Set_Protection) refers to mpu.o(i.MPU_Convert_Bytes_To_POT) for MPU_Convert_Bytes_To_POT
    mpu.o(i.MPU_Set_Protection) refers to mpu.o(i.MPU_Disable) for MPU_Disable
    mpu.o(i.MPU_Set_Protection) refers to mpu.o(i.MPU_Enable) for MPU_Enable
    mpu.o(i.MemManage_Handler) refers to sys.o(i.GPIO_Pin_Set) for GPIO_Pin_Set
    mpu.o(i.MemManage_Handler) refers to __2printf.o(.text) for __2printf
    mpu.o(i.MemManage_Handler) refers to delay.o(i.delay_ms) for delay_ms
    mpu.o(i.MemManage_Handler) refers to sys.o(i.Sys_Soft_Reset) for Sys_Soft_Reset
[...]
    btn.c                                    0x00000000   Number         0  btn.o ABSOLUTE
    btn.c                                    0x00000000   Number         0  btn.o ABSOLUTE
    dc.s                                     0x00000000   Number         0  dc.o ABSOLUTE
    startup_stm32h743xx.s                    0x00000000   Number         0  startup_stm32h743xx.o ABSOLUTE
    system_stm32h7xx.c                       0x00000000   Number         0  system_stm32h7xx.o ABSOLUTE
    system_stm32h7xx.c                       0x00000000   Number         0  system_stm32h7xx.o ABSOLUTE
    test.c                                   0x00000000   Number         0  test.o ABSOLUTE
    test.c                                   0x00000000   Number         0  test.o ABSOLUTE
    RESET                                    0x08000000   Section      664  startup_stm32h743xx.o(RESET)
    !!!main                                  0x08000298   Section        8  __main.o(!!!main)
    !!!scatter                               0x080002a0   Section       52  __scatter.o(!!!scatter)
    !!dczerorl2                              0x080002d4   Section       90  __dczerorl2.o(!!dczerorl2)
    !!handler_zi                             0x08000330   Section       28  __scatter_zi.o(!!handler_zi)
    .ARM.Collect$$_printf_percent$$00000000  0x0800034c   Section        0  _printf_percent.o(.ARM.Collect$$_printf_percent$$00000000)
    .ARM.Collect$$_printf_percent$$00000009  0x0800034c   Section        6  _printf_d.o(.ARM.Collect$$_printf_percent$$00000009)
    .ARM.Collect$$_printf_percent$$0000000A  0x08000352   Section        6  _printf_u.o(.ARM.Collect$$_printf_percent$$0000000A)
    .ARM.Collect$$_printf_percent$$0000000C  0x08000358   Section        6  _printf_x.o(.ARM.Collect$$_printf_percent$$0000000C)
    .ARM.Collect$$_printf_percent$$00000013  0x0800035e   Section        6  _printf_c.o(.ARM.Collect$$_printf_percent$$00000013)
    .ARM.Collect$$_printf_percent$$00000014  0x08000364   Section        6  _printf_s.o(.ARM.Collect$$_printf_percent$$00000014)
    .ARM.Collect$$_printf_percent$$00000017  0x0800036a   Section        4  _printf_percent_end.o(.ARM.Collect$$_printf_percent$$00000017)
    .ARM.Collect$$libinit$$00000000          0x0800036e   Section        2  libinit.o(.ARM.Collect$$libinit$$00000000)
    .ARM.Collect$$libinit$$00000001          0x08000370   Section        4  libinit2.o(.ARM.Collect$$libinit$$00000001)
    .ARM.Collect$$libinit$$00000004          0x08000374   Section        0  libinit2.o(.ARM.Collect$$libinit$$00000004)
    .ARM.Collect$$libinit$$0000000A          0x08000374   Section        0  libinit2.o(.ARM.Collect$$libinit$$0000000A)
    .ARM.Collect$$libinit$$0000000C          0x08000374   Section        0  libinit2.o(.ARM.Collect$$libinit$$0000000C)
    .ARM.Collect$$libinit$$0000000E          0x08000374   Section        0  libinit2.o(.ARM.Collect$$libinit$$0000000E)
    .ARM.Collect$$libinit$$00000011          0x08000374   Section        0  libinit2.o(.ARM.Collect$$libinit$$00000011)
    .ARM.Collect$$libinit$$00000013          0x08000374   Section        0  libinit2.o(.ARM.Collect$$libinit$$00000013)
    .ARM.Collect$$libinit$$00000015          0x08000374   Section        0  libinit2.o(.ARM.Collect$$libinit$$00000015)
    .ARM.Collect$$libinit$$00000017          0x08000374   Section        0  libinit2.o(.ARM.Collect$$libinit$$00000017)
    .ARM.Collect$$libinit$$00000019          0x08000374   Section        0  libinit2.o(.ARM.Collect$$libinit$$00000019)
    .ARM.Collect$$libinit$$0000001B          0x08000374   Section        0  libinit2.o(.ARM.Collect$$libinit$$0000001B)
    .ARM.Collect$$libinit$$0000001D          0x08000374   Section        0  libinit2.o(.ARM.Collect$$libinit$$0000001D)
    .ARM.Collect$$libinit$$0000001F          0x08000374   Section        0  libinit2.o(.ARM.Collect$$libinit$$0000001F)
    .ARM.Collect$$libinit$$00000021          0x08000374   Section        0  libinit2.o(.ARM.Collect$$libinit$$00000021)
    .ARM.Collect$$libinit$$00000023          0x08000374   Section        0  libinit2.o(.ARM.Collect$$libinit$$00000023)
    .ARM.Collect$$libinit$$00000025          0x08000374   Section        0  libinit2.o(.ARM.Collect$$libinit$$00000025)
    .ARM.Collect$$libinit$$0000002C          0x08000374   Section        0  libinit2.o(.ARM.Collect$$libinit$$0000002C)
    .ARM.Collect$$libinit$$0000002E          0x08000374   Section        0  libinit2.o(.ARM.Collect$$libinit$$0000002E)
    .ARM.Collect$$libinit$$00000030          0x08000374   Section        0  libinit2.o(.ARM.Collect$$libinit$$00000030)
    .ARM.Collect$$libinit$$00000032          0x08000374   Section        0  libinit2.o(.ARM.Collect$$libinit$$00000032)
    .ARM.Collect$$libinit$$00000033          0x08000374   Section        2  libinit2.o(.ARM.Collect$$libinit$$00000033)
    .ARM.Collect$$libshutdown$$00000000      0x08000376   Section        2  libshutdown.o(.ARM.Collect$$libshutdown$$00000000)
    .ARM.Collect$$libshutdown$$00000002      0x08000378   Section        0  libshutdown2.o(.ARM.Collect$$libshutdown$$00000002)
    .ARM.Collect$$libshutdown$$00000004      0x08000378   Section        0  libshutdown2.o(.ARM.Collect$$libshutdown$$00000004)
    .ARM.Collect$$libshutdown$$00000006      0x08000378   Section        0  libshutdown2.o(.ARM.Collect$$libshutdown$$00000006)
    .ARM.Collect$$libshutdown$$00000009      0x08000378   Section        0  libshutdown2.o(.ARM.Collect$$libshutdown$$00000009)
    .ARM.Collect$$libshutdown$$0000000C      0x08000378   Section        0  libshutdown2.o(.ARM.Collect$$libshutdown$$0000000C)
    .ARM.Collect$$libshutdown$$0000000E      0x08000378   Section        0  libshutdown2.o(.ARM.Collect$$libshutdown$$0000000E)
    .ARM.Collect$$libshutdown$$00000011      0x08000378   Section        0  libshutdown2.o(.ARM.Collect$$libshutdown$$00000011)
    .ARM.Collect$$libshutdown$$00000012      0x08000378   Section        2  libshutdown2.o(.ARM.Collect$$libshutdown$$00000012)
    .ARM.Collect$$rtentry$$00000000          0x0800037a   Section        0  __rtentry.o(.ARM.Collect$$rtentry$$00000000)
    .ARM.Collect$$rtentry$$00000002          0x0800037a   Section        0  __rtentry2.o(.ARM.Collect$$rtentry$$00000002)
    .ARM.Collect$$rtentry$$00000004          0x0800037a   Section        6  __rtentry4.o(.ARM.Collect$$rtentry$$00000004)
    .ARM.Collect$$rtentry$$00000009          0x08000380   Section        0  __rtentry2.o(.ARM.Collect$$rtentry$$00000009)
    .ARM.Collect$$rtentry$$0000000A          0x08000380   Section        4  __rtentry2.o(.ARM.Collect$$rtentry$$0000000A)
    .ARM.Collect$$rtentry$$0000000C          0x08000384   Section        0  __rtentry2.o(.ARM.Collect$$rtentry$$0000000C)
    .ARM.Collect$$rtentry$$0000000D          0x08000384   Section        8  __rtentry2.o(.ARM.Collect$$rtentry$$0000000D)
    .ARM.Collect$$rtexit$$00000000           0x0800038c   Section        2  rtexit.o(.ARM.Collect$$rtexit$$00000000)
    .ARM.Collect$$rtexit$$00000002           0x0800038e   Section        0  rtexit2.o(.ARM.Collect$$rtexit$$00000002)
    .ARM.Collect$$rtexit$$00000003           0x0800038e   Section        4  rtexit2.o(.ARM.Collect$$rtexit$$00000003)
    .ARM.Collect$$rtexit$$00000004           0x08000392   Section        6  rtexit2.o(.ARM.Collect$$rtexit$$00000004)
    .emb_text                                0x08000398   Section      194  port.o(.emb_text)
    $v0                                      0x08000398   Number         0  port.o(.emb_text)
    .text                                    0x0800045c   Section       92  startup_stm32h743xx.o(.text)
    $v0                                      0x0800045c   Number         0  startup_stm32h743xx.o(.text)
    .text                                    0x080004b8   Section        2  use_no_semi_2.o(.text)
    .text                                    0x080004bc   Section        0  __2printf.o(.text)
    .text                                    0x080004d4   Section        0  _printf_pad.o(.text)
    .text                                    0x08000522   Section        0  _printf_str.o(.text)
    .text                                    0x08000574   Section        0  _printf_dec.o(.text)
    .text                                    0x080005ec   Section        0  _printf_hex_int.o(.text)
    .text                                    0x08000644   Section        0  __printf_flags_ss_wp.o(.text)
    .text                                    0x080007cc   Section       68  rt_memclr.o(.text)
    .text                                    0x08000810   Section       78  rt_memclr_w.o(.text)
    .text                                    0x0800085e   Section       86  strncpy.o(.text)
    .text                                    0x080008b4   Section      104  strcmpv7m_pel.o(.text)
    .text                                    0x0800091c   Section        0  heapauxi.o(.text)
    .text                                    0x08000922   Section        2  use_no_semi.o(.text)
    .text                                    0x08000924   Section        0  _printf_intcommon.o(.text)
    .text                                    0x080009d8   Section        0  _printf_char_common.o(.text)
    _printf_input_char                       0x080009d9   Thumb Code    10  _printf_char_common.o(.text)
    .text                                    0x08000a08   Section        0  _printf_char.o(.text)
    .text                                    0x08000a34   Section        0  _printf_char_file.o(.text)
    .text                                    0x08000a58   Section        0  ferror.o(.text)
    .text                                    0x08000a60   Section       74  sys_stackheap_outer.o(.text)
    .text                                    0x08000aaa   Section        0  exit.o(.text)
    .text                                    0x08000abc   Section        8  libspace.o(.text)
    i.Cache_Enable                           0x08000ac4   Section        0  sys.o(i.Cache_Enable)
    i.GPIO_AF_Set                            0x08000ae0   Section        0  sys.o(i.GPIO_AF_Set)
    i.GPIO_Pin_Get                           0x08000b20   Section        0  sys.o(i.GPIO_Pin_Get)
    i.GPIO_Pin_Set                           0x08000b30   Section        0  sys.o(i.GPIO_Pin_Set)
    i.GPIO_Set                               0x08000b3e   Section        0  sys.o(i.GPIO_Set)
    i.Init_component_db                      0x08000c1c   Section        0  component_data_struct.o(i.Init_component_db)
    i.LCD_Clear                              0x08000c30   Section        0  lcd.o(i.LCD_Clear)
    i.LCD_Display_Dir                        0x08000c78   Section        0  lcd.o(i.LCD_Display_Dir)
    i.LCD_Init                               0x08000e08   Section        0  lcd.o(i.LCD_Init)
    i.LCD_RD_DATA                            0x08003bb8   Section        0  lcd.o(i.LCD_RD_DATA)
    i.LCD_SSD_BackLightSet                   0x08003bcc   Section        0  lcd.o(i.LCD_SSD_BackLightSet)
    i.LCD_Scan_Dir                           0x08003c1c   Section        0  lcd.o(i.LCD_Scan_Dir)
    i.LCD_SetCursor                          0x08003e5c   Section        0  lcd.o(i.LCD_SetCursor)
    i.LCD_WR_DATA                            0x08003f7c   Section        0  lcd.o(i.LCD_WR_DATA)
    i.LCD_WR_REG                             0x08003f94   Section        0  lcd.o(i.LCD_WR_REG)
    i.LCD_WriteRAM_Prepare                   0x08003fac   Section        0  lcd.o(i.LCD_WriteRAM_Prepare)
    i.LCD_WriteReg                           0x08003fc0   Section        0  lcd.o(i.LCD_WriteReg)
    i.LTDC_Clear                             0x08003fd0   Section        0  ltdc.o(i.LTDC_Clear)
    i.LTDC_Clk_Set                           0x08003ff4   Section        0  ltdc.o(i.LTDC_Clk_Set)
    i.LTDC_Display_Dir                       0x080040dc   Section        0  ltdc.o(i.LTDC_Display_Dir)
    i.LTDC_Fill                              0x08004108   Section        0  ltdc.o(i.LTDC_Fill)
    i.LTDC_Init                              0x08004250   Section        0  ltdc.o(i.LTDC_Init)
    i.LTDC_Layer_Parameter_Config            0x08004644   Section        0  ltdc.o(i.LTDC_Layer_Parameter_Config)
    i.LTDC_Layer_Switch                      0x080046a0   Section        0  ltdc.o(i.LTDC_Layer_Switch)
    i.LTDC_Layer_Window_Config               0x0800470c   Section        0  ltdc.o(i.LTDC_Layer_Window_Config)
    i.LTDC_PanelID_Read                      0x08004830   Section        0  ltdc.o(i.LTDC_PanelID_Read)
    i.LTDC_Select_Layer                      0x080048d8   Section        0  ltdc.o(i.LTDC_Select_Layer)
    i.LTDC_Switch                            0x080048e4   Section        0  ltdc.o(i.LTDC_Switch)
    i.MY_NVIC_Init                           0x0800490c   Section        0  sys.o(i.MY_NVIC_Init)
    i.MY_NVIC_PriorityGroupConfig            0x08004984   Section        0  sys.o(i.MY_NVIC_PriorityGroupConfig)
    i.MY_NVIC_SetVectorTable                 0x080049ac   Section        0  sys.o(i.MY_NVIC_SetVectorTable)
    i.MemManage_Handler                      0x080049bc   Section        0  mpu.o(i.MemManage_Handler)
    i.QSPI_Init                              0x08004a1c   Section        0  qspi.o(i.QSPI_Init)
    i.QSPI_Receive                           0x08004b30   Section        0  qspi.o(i.QSPI_Receive)
    i.QSPI_Send_CMD                          0x08004bd0   Section        0  qspi.o(i.QSPI_Send_CMD)
    i.QSPI_Transmit                          0x08004c50   Section        0  qspi.o(i.QSPI_Transmit)
    i.QSPI_Wait_Flag                         0x08004ce8   Section        0  qspi.o(i.QSPI_Wait_Flag)
    i.SCB_EnableDCache                       0x08004d1c   Section        0  sys.o(i.SCB_EnableDCache)
    SCB_EnableDCache                         0x08004d1d   Thumb Code   148  sys.o(i.SCB_EnableDCache)
    i.SCB_EnableICache                       0x08004db8   Section        0  sys.o(i.SCB_EnableICache)
    SCB_EnableICache                         0x08004db9   Thumb Code   116  sys.o(i.SCB_EnableICache)
    i.SDRAM_RGBLCD_Set                       0x08004e34   Section        0  sdram.o(i.SDRAM_RGBLCD_Set)
    i.SDRAM_Send_Cmd                         0x08004e7c   Section        0  sdram.o(i.SDRAM_Send_Cmd)
    i.Stm32_Clock_Init                       0x08004ec4   Section        0  sys.o(i.Stm32_Clock_Init)
    i.Sys_Clock_Set                          0x08004f28   Section        0  sys.o(i.Sys_Clock_Set)
    i.Sys_Soft_Reset                         0x08005168   Section        0  sys.o(i.Sys_Soft_Reset)
    i.TIM4_IRQHandler                        0x08005178   Section        0  usmart.o(i.TIM4_IRQHandler)
    i.Test_add_categoties                    0x080051b4   Section        0  component_data_struct.o(i.Test_add_categoties)
    i.Timer4_Init                            0x0800533c   Section        0  usmart.o(i.Timer4_Init)
    i.USART1_IRQHandler                      0x0800538c   Section        0  usart.o(i.USART1_IRQHandler)
    i.W25QXX_Erase_Chip                      0x08005418   Section        0  w25qxx.o(i.W25QXX_Erase_Chip)
    i.W25QXX_Erase_Sector                    0x08005434   Section        0  w25qxx.o(i.W25QXX_Erase_Sector)
    i.W25QXX_Init                            0x08005454   Section        0  w25qxx.o(i.W25QXX_Init)
    i.W25QXX_Qspi_Disable                    0x080054b8   Section        0  w25qxx.o(i.W25QXX_Qspi_Disable)
    i.W25QXX_Qspi_Enable                     0x080054d4   Section        0  w25qxx.o(i.W25QXX_Qspi_Enable)
    i.W25QXX_ReadID                          0x0800550c   Section        0  w25qxx.o(i.W25QXX_ReadID)
    i.W25QXX_ReadSR                          0x0800554c   Section        0  w25qxx.o(i.W25QXX_ReadSR)
    i.W25QXX_Wait_Busy                       0x080055a8   Section        0  w25qxx.o(i.W25QXX_Wait_Busy)
    i.W25QXX_Write_Enable                    0x080055bc   Section        0  w25qxx.o(i.W25QXX_Write_Enable)
    i.W25QXX_Write_SR                        0x080055e4   Section        0  w25qxx.o(i.W25QXX_Write_SR)
    i._is_digit                              0x08005638   Section        0  __printf_wp.o(i._is_digit)
    i._sys_exit                              0x08005646   Section        0  usart.o(i._sys_exit)
    i.add_category                           0x0800564c   Section        0  component_data_struct.o(i.add_category)
    i.delay_init                             0x0800575c   Section        0  delay.o(i.delay_init)
    i.delay_ms                               0x08005778   Section        0  delay.o(i.delay_ms)
    i.delay_us                               0x080057ac   Section        0  delay.o(i.delay_us)
    i.delay_xms                              0x080057f8   Section        0  delay.o(i.delay_xms)
    i.delete_category                        0x0800584c   Section        0  component_data_struct.o(i.delete_category)
    i.find_category_available                0x08005904   Section        0  component_data_struct.o(i.find_category_available)
    i.find_category_index                    0x08005944   Section        0  component_data_struct.o(i.find_category_index)
    i.fputc                                  0x08005974   Section        0  usart.o(i.fputc)
    i.main                                   0x08005990   Section        0  test.o(i.main)
    i.read_addr                              0x080059d8   Section        0  usmart.o(i.read_addr)
    i.uart_init                              0x080059e0   Section        0  usart.o(i.uart_init)
    i.usmart_cmd_rec                         0x08005a9c   Section        0  usmart.o(i.usmart_cmd_rec)
    i.usmart_exe                             0x08005b4c   Section        0  usmart.o(i.usmart_exe)
    i.usmart_get_aparm                       0x08005e20   Section        0  usmart_str.o(i.usmart_get_aparm)
    i.usmart_get_cmdname                     0x08005ef4   Section        0  usmart_str.o(i.usmart_get_cmdname)
    i.usmart_get_fname                       0x08005f2c   Section        0  usmart_str.o(i.usmart_get_fname)
    i.usmart_get_fparam                      0x080060ec   Section        0  usmart_str.o(i.usmart_get_fparam)
    i.usmart_get_parmpos                     0x080061f8   Section        0  usmart_str.o(i.usmart_get_parmpos)
    i.usmart_get_runtime                     0x08006218   Section        0  usmart.o(i.usmart_get_runtime)
    i.usmart_init                            0x08006258   Section        0  usmart.o(i.usmart_init)
    i.usmart_pow                             0x08006280   Section        0  usmart_str.o(i.usmart_pow)
    i.usmart_reset_runtime                   0x08006298   Section        0  usmart.o(i.usmart_reset_runtime)
    i.usmart_scan                            0x080062c8   Section        0  usmart.o(i.usmart_scan)
    i.usmart_search_nextc                    0x08006384   Section        0  usmart_str.o(i.usmart_search_nextc)
    i.usmart_str2num                         0x0800639a   Section        0  usmart_str.o(i.usmart_str2num)
    i.usmart_strcmp                          0x080064a0   Section        0  usmart_str.o(i.usmart_strcmp)
    i.usmart_strcopy                         0x080064c2   Section        0  usmart_str.o(i.usmart_strcopy)
    i.usmart_strlen                          0x080064d8   Section        0  usmart_str.o(i.usmart_strlen)
    i.usmart_sys_cmd_exe                     0x080064f0   Section        0  usmart.o(i.usmart_sys_cmd_exe)
    i.vTaskSwitchContext                     0x08006be4   Section        0  tasks.o(i.vTaskSwitchContext)
    i.write_addr                             0x08006c94   Section        0  usmart.o(i.write_addr)
    x$fpl$fpinit                             0x08006c98   Section       10  fpinit.o(x$fpl$fpinit)
    $v0                                      0x08006c98   Number         0  fpinit.o(x$fpl$fpinit)
    .constdata                               0x08006ca2   Section       40  _printf_hex_int.o(.constdata)
    uc_hextab                                0x08006ca2   Data          20  _printf_hex_int.o(.constdata)
    lc_hextab                                0x08006cb6   Data          20  _printf_hex_int.o(.constdata)
    .constdata                               0x08006cca   Section       17  __printf_flags_ss_wp.o(.constdata)
    maptable                                 0x08006cca   Data          17  __printf_flags_ss_wp.o(.constdata)
    .conststring                             0x08006cdc   Section       40  usmart.o(.conststring)
    .conststring                             0x08006d04   Section      367  usmart_config.o(.conststring)
    .data                                    0x24000000   Section        2  delay.o(.data)
    fac_us                                   0x24000000   Data           2  delay.o(.data)
    .data                                    0x24000004   Section        6  usart.o(.data)
    .data                                    0x2400000c   Section        8  lcd.o(.data)
    .data                                    0x24000014   Section        8  ltdc.o(.data)
    .data                                    0x2400001c   Section        3  w25qxx.o(.data)
    .data                                    0x24000020   Section       28  usmart.o(.data)
    .data                                    0x2400003c   Section      340  usmart_config.o(.data)
    .data                                    0x24000190   Section       64  tasks.o(.data)
    pxDelayedTaskList                        0x24000194   Data           4  tasks.o(.data)
    pxOverflowDelayedTaskList                0x24000198   Data           4  tasks.o(.data)
    uxDeletedTasksWaitingCleanUp             0x2400019c   Data           4  tasks.o(.data)
    uxCurrentNumberOfTasks                   0x240001a0   Data           4  tasks.o(.data)
    xTickCount                               0x240001a4   Data           4  tasks.o(.data)
    uxTopReadyPriority                       0x240001a8   Data           4  tasks.o(.data)
    xSchedulerRunning                        0x240001ac   Data           4  tasks.o(.data)
    xPendedTicks                             0x240001b0   Data           4  tasks.o(.data)
    xYieldPendings                           0x240001b4   Data           4  tasks.o(.data)
    xNumOfOverflows                          0x240001b8   Data           4  tasks.o(.data)
    uxTaskNumber                             0x240001bc   Data           4  tasks.o(.data)
    xNextTaskUnblockTime                     0x240001c0   Data           4  tasks.o(.data)
    xIdleTaskHandles                         0x240001c4   Data           4  tasks.o(.data)
    uxTopUsedPriority                        0x240001c8   Data           4  tasks.o(.data)
    uxSchedulerSuspended                     0x240001cc   Data           4  tasks.o(.data)
    .bss                                     0x240001d0   Section      200  usart.o(.bss)
    .bss                                     0x24000298   Section       14  lcd.o(.bss)
    .bss                                     0x240002a8   Section       32  ltdc.o(.bss)
    .bss                                     0x240002c8   Section    380532  component_data_struct.o(.bss)
    .bss                                     0x2405d13c   Section      740  tasks.o(.bss)
    pxReadyTasksLists                        0x2405d13c   Data         640  tasks.o(.bss)
    xDelayedTaskList1                        0x2405d3bc   Data          20  tasks.o(.bss)
    xDelayedTaskList2                        0x2405d3d0   Data          20  tasks.o(.bss)
    xPendingReadyList                        0x2405d3e4   Data          20  tasks.o(.bss)
    xTasksWaitingTermination                 0x2405d3f8   Data          20  tasks.o(.bss)
    xSuspendedTaskList                       0x2405d40c   Data          20  tasks.o(.bss)
    .bss                                     0x2405d420   Section       96  libspace.o(.bss)
    HEAP                                     0x2405d480   Section        0  startup_stm32h743xx.o(HEAP)
    STACK                                    0x2405d480   Section     2048  startup_stm32h743xx.o(STACK)
    Heap_Mem                                 0x2405d480   Data           0  startup_stm32h743xx.o(HEAP)
    Stack_Mem                                0x2405d480   Data        2048  startup_stm32h743xx.o(STACK)
    __initial_sp                             0x2405dc80   Data           0  startup_stm32h743xx.o(STACK)
    .ARM.__AT_0xC0000000                     0xc0000000   Section    2048000  ltdc.o(.ARM.__AT_0xC0000000)

    Global Symbols

    Symbol Name                              Value     Ov Type        Size  Object(Section)

    BuildAttributes$$THM_ISAv4$E$P$D$K$B$S$7EM$VFPv5_D16$PE$PLD8$A:L22UL41UL21$X:L11$S22US41US21$IEEE1$IW$USESV6$~STKCKD$USESV7$~SHL$OSPACE$ROPI$EBA8$UX$STANDARDLIB$REQ8$PRES8$EABIv2 0x00000000   Number         0  anon$$obj.o ABSOLUTE
    __ARM_use_no_argv                        0x00000000   Number         0  test.o ABSOLUTE
    _printf_flags                            0x00000000   Number         0  printf_stubs.o ABSOLUTE
    _printf_return_value                     0x00000000   Number         0  printf_stubs.o ABSOLUTE
    _printf_sizespec                         0x00000000   Number         0  printf_stubs.o ABSOLUTE
    _printf_widthprec                        0x00000000   Number         0  printf_stubs.o ABSOLUTE
    __ARM_exceptions_init                     - Undefined Weak Reference
    __alloca_initialize                       - Undefined Weak Reference
    __arm_fini_                               - Undefined Weak Reference
    __arm_preinit_                            - Undefined Weak Reference
    __cpp_initialize__aeabi_                  - Undefined Weak Reference
    __cxa_finalize                            - Undefined Weak Reference
    __rt_locale                               - Undefined Weak Reference
    __sigvec_lookup                           - Undefined Weak Reference
    _atexit_init                              - Undefined Weak Reference
    _call_atexit_fns                          - Undefined Weak Reference
    _clock_init                               - Undefined Weak Reference
    _fp_trap_init                             - Undefined Weak Reference
    _fp_trap_shutdown                         - Undefined Weak Reference
    _get_lc_collate                           - Undefined Weak Reference
    _get_lc_ctype                             - Undefined Weak Reference
    _get_lc_monetary                          - Undefined Weak Reference
    _get_lc_numeric                           - Undefined Weak Reference
    _get_lc_time                              - Undefined Weak Reference
    _getenv_init                              - Undefined Weak Reference
    _handle_redirection                       - Undefined Weak Reference
    _init_alloc                               - Undefined Weak Reference
    _init_user_alloc                          - Undefined Weak Reference
    _initio                                   - Undefined Weak Reference
    _mutex_acquire                            - Undefined Weak Reference
    _mutex_release                            - Undefined Weak Reference
    _printf_mbtowc                            - Undefined Weak Reference
    _printf_truncate_signed                   - Undefined Weak Reference
    _printf_truncate_unsigned                 - Undefined Weak Reference
    _rand_init                                - Undefined Weak Reference
    _signal_finish                            - Undefined Weak Reference
    _signal_init                              - Undefined Weak Reference
    _terminate_alloc                          - Undefined Weak Reference
    _terminate_user_alloc                     - Undefined Weak Reference
    _terminateio                              - Undefined Weak Reference
    __Vectors_Size                           0x00000298   Number         0  startup_stm32h743xx.o ABSOLUTE
    __Vectors                                0x08000000   Data           4  startup_stm32h743xx.o(RESET)
    __Vectors_End                            0x08000298   Data           0  startup_stm32h743xx.o(RESET)
    __main                                   0x08000299   Thumb Code     8  __main.o(!!!main)
    __scatterload                            0x080002a1   Thumb Code     0  __scatter.o(!!!scatter)
    __scatterload_rt2                        0x080002a1   Thumb Code    44  __scatter.o(!!!scatter)
    __scatterload_rt2_thumb_only             0x080002a1   Thumb Code     0  __scatter.o(!!!scatter)
    __scatterload_null                       0x080002af   Thumb Code     0  __scatter.o(!!!scatter)
    __decompress                             0x080002d5   Thumb Code    90  __dczerorl2.o(!!dczerorl2)
    __decompress1                            0x080002d5   Thumb Code     0  __dczerorl2.o(!!dczerorl2)
    __scatterload_zeroinit                   0x08000331   Thumb Code    28  __scatter_zi.o(!!handler_zi)
    _printf_d                                0x0800034d   Thumb Code     0  _printf_d.o(.ARM.Collect$$_printf_percent$$00000009)
    _printf_percent                          0x0800034d   Thumb Code     0  _printf_percent.o(.ARM.Collect$$_printf_percent$$00000000)
    _printf_u                                0x08000353   Thumb Code     0  _printf_u.o(.ARM.Collect$$_printf_percent$$0000000A)
    _printf_x                                0x08000359   Thumb Code     0  _printf_x.o(.ARM.Collect$$_printf_percent$$0000000C)
    _printf_c                                0x0800035f   Thumb Code     0  _printf_c.o(.ARM.Collect$$_printf_percent$$00000013)
    _printf_s                                0x08000365   Thumb Code     0  _printf_s.o(.ARM.Collect$$_printf_percent$$00000014)
    _printf_percent_end                      0x0800036b   Thumb Code     0  _printf_percent_end.o(.ARM.Collect$$_printf_percent$$00000017)
    __rt_lib_init                            0x0800036f   Thumb Code     0  libinit.o(.ARM.Collect$$libinit$$00000000)
    __rt_lib_init_fp_1                       0x08000371   Thumb Code     0  libinit2.o(.ARM.Collect$$libinit$$00000001)
    __rt_lib_init_alloca_1                   0x08000375   Thumb Code     0  libinit2.o(.ARM.Collect$$libinit$$0000002E)
    __rt_lib_init_argv_1                     0x08000375   Thumb Code     0  libinit2.o(.ARM.Collect$$libinit$$0000002C)
    __rt_lib_init_atexit_1                   0x08000375   Thumb Code     0  libinit2.o(.ARM.Collect$$libinit$$0000001B)
    __rt_lib_init_clock_1                    0x08000375   Thumb Code     0  libinit2.o(.ARM.Collect$$libinit$$00000021)
    __rt_lib_init_cpp_1                      0x08000375   Thumb Code     0  libinit2.o(.ARM.Collect$$libinit$$00000032)
    __rt_lib_init_exceptions_1               0x08000375   Thumb Code     0  libinit2.o(.ARM.Collect$$libinit$$00000030)
    __rt_lib_init_fp_trap_1                  0x08000375   Thumb Code     0  libinit2.o(.ARM.Collect$$libinit$$0000001F)
    __rt_lib_init_getenv_1                   0x08000375   Thumb Code     0  libinit2.o(.ARM.Collect$$libinit$$00000023)
    __rt_lib_init_heap_1                     0x08000375   Thumb Code     0  libinit2.o(.ARM.Collect$$libinit$$0000000A)
    __rt_lib_init_lc_collate_1               0x08000375   Thumb Code     0  libinit2.o(.ARM.Collect$$libinit$$00000011)
    __rt_lib_init_lc_ctype_1                 0x08000375   Thumb Code     0  libinit2.o(.ARM.Collect$$libinit$$00000013)
    __rt_lib_init_lc_monetary_1              0x08000375   Thumb Code     0  libinit2.o(.ARM.Collect$$libinit$$00000015)
    __rt_lib_init_lc_numeric_1               0x08000375   Thumb Code     0  libinit2.o(.ARM.Collect$$libinit$$00000017)
    __rt_lib_init_lc_time_1                  0x08000375   Thumb Code     0  libinit2.o(.ARM.Collect$$libinit$$00000019)
    __rt_lib_init_preinit_1                  0x08000375   Thumb Code     0  libinit2.o(.ARM.Collect$$libinit$$00000004)
    __rt_lib_init_rand_1                     0x08000375   Thumb Code     0  libinit2.o(.ARM.Collect$$libinit$$0000000E)
    __rt_lib_init_return                     0x08000375   Thumb Code     0  libinit2.o(.ARM.Collect$$libinit$$00000033)
    __rt_lib_init_signal_1                   0x08000375   Thumb Code     0  libinit2.o(.ARM.Collect$$libinit$$0000001D)
    __rt_lib_init_stdio_1                    0x08000375   Thumb Code     0  libinit2.o(.ARM.Collect$$libinit$$00000025)
    __rt_lib_init_user_alloc_1               0x08000375   Thumb Code     0  libinit2.o(.ARM.Collect$$libinit$$0000000C)
    __rt_lib_shutdown                        0x08000377   Thumb Code     0  libshutdown.o(.ARM.Collect$$libshutdown$$00000000)
    __rt_lib_shutdown_cpp_1                  0x08000379   Thumb Code     0  libshutdown2.o(.ARM.Collect$$libshutdown$$00000004)
    __rt_lib_shutdown_fini_1                 0x08000379   Thumb Code     0  libshutdown2.o(.ARM.Collect$$libshutdown$$00000002)
    __rt_lib_shutdown_fp_trap_1              0x08000379   Thumb Code     0  libshutdown2.o(.ARM.Collect$$libshutdown$$00000009)
    __rt_lib_shutdown_heap_1                 0x08000379   Thumb Code     0  libshutdown2.o(.ARM.Collect$$libshutdown$$00000011)
    __rt_lib_shutdown_return                 0x08000379   Thumb Code     0  libshutdown2.o(.ARM.Collect$$libshutdown$$00000012)
    __rt_lib_shutdown_signal_1               0x08000379   Thumb Code     0  libshutdown2.o(.ARM.Collect$$libshutdown$$0000000C)
    __rt_lib_shutdown_stdio_1                0x08000379   Thumb Code     0  libshutdown2.o(.ARM.Collect$$libshutdown$$00000006)
    __rt_lib_shutdown_user_alloc_1           0x08000379   Thumb Code     0  libshutdown2.o(.ARM.Collect$$libshutdown$$0000000E)
    __rt_entry                               0x0800037b   Thumb Code     0  __rtentry.o(.ARM.Collect$$rtentry$$00000000)
    __rt_entry_presh_1                       0x0800037b   Thumb Code     0  __rtentry2.o(.ARM.Collect$$rtentry$$00000002)
    __rt_entry_sh                            0x0800037b   Thumb Code     0  __rtentry4.o(.ARM.Collect$$rtentry$$00000004)
    __rt_entry_li                            0x08000381   Thumb Code     0  __rtentry2.o(.ARM.Collect$$rtentry$$0000000A)
    __rt_entry_postsh_1                      0x08000381   Thumb Code     0  __rtentry2.o(.ARM.Collect$$rtentry$$00000009)
    __rt_entry_main                          0x08000385   Thumb Code     0  __rtentry2.o(.ARM.Collect$$rtentry$$0000000D)
    __rt_entry_postli_1                      0x08000385   Thumb Code     0  __rtentry2.o(.ARM.Collect$$rtentry$$0000000C)
    __rt_exit                                0x0800038d   Thumb Code     0  rtexit.o(.ARM.Collect$$rtexit$$00000000)
    __rt_exit_ls                             0x0800038f   Thumb Code     0  rtexit2.o(.ARM.Collect$$rtexit$$00000003)
    __rt_exit_prels_1                        0x0800038f   Thumb Code     0  rtexit2.o(.ARM.Collect$$rtexit$$00000002)
    __rt_exit_exit                           0x08000393   Thumb Code     0  rtexit2.o(.ARM.Collect$$rtexit$$00000004)
    SVC_Handler                              0x08000399   Thumb Code    28  port.o(.emb_text)
    __asm___6_port_c_39a90d8d__prvStartFirstTask 0x080003b9   Thumb Code    36  port.o(.emb_text)
    __asm___6_port_c_39a90d8d__prvEnableVFP  0x080003e1   Thumb Code    16  port.o(.emb_text)
    PendSV_Handler                           0x080003f5   Thumb Code    92  port.o(.emb_text)
    vPortGetIPSR                             0x08000455   Thumb Code     6  port.o(.emb_text)
    Reset_Handler                            0x0800045d   Thumb Code    36  startup_stm32h743xx.o(.text)
    NMI_Handler                              0x08000481   Thumb Code     2  startup_stm32h743xx.o(.text)
    HardFault_Handler                        0x08000483   Thumb Code     2  startup_stm32h743xx.o(.text)
    BusFault_Handler                         0x08000487   Thumb Code     2  startup_stm32h743xx.o(.text)
    UsageFault_Handler                       0x08000489   Thumb Code     2  startup_stm32h743xx.o(.text)
    DebugMon_Handler                         0x0800048d   Thumb Code     2  startup_stm32h743xx.o(.text)
    SysTick_Handler                          0x08000491   Thumb Code     2  startup_stm32h743xx.o(.text)
    ADC3_IRQHandler                          0x08000493   Thumb Code     0  startup_stm32h743xx.o(.text)
    ADC_IRQHandler                           0x08000493   Thumb Code     0  startup_stm32h743xx.o(.text)
    BDMA_Channel0_IRQHandler                 0x08000493   Thumb Code     0  startup_stm32h743xx.o(.text)
    BDMA_Channel1_IRQHandler                 0x08000493   Thumb Code     0  startup_stm32h743xx.o(.text)
    BDMA_Channel2_IRQHandler                 0x08000493   Thumb Code     0  startup_stm32h743xx.o(.text)
    BDMA_Channel3_IRQHandler                 0x08000493   Thumb Code     0  startup_stm32h743xx.o(.text)
    BDMA_Channel4_IRQHandler                 0x08000493   Thumb Code     0  startup_stm32h743xx.o(.text)
    BDMA_Channel5_IRQHandler                 0x08000493   Thumb Code     0  startup_stm32h743xx.o(.text)
    BDMA_Channel6_IRQHandler                 0x08000493   Thumb Code     0  startup_stm32h743xx.o(.text)
    BDMA_Channel7_IRQHandler                 0x08000493   Thumb Code     0  startup_stm32h743xx.o(.text)
    CEC_IRQHandler                           0x08000493   Thumb Code     0  startup_stm32h743xx.o(.text)
    COMP1_IRQHandler                         0x08000493   Thumb Code     0  startup_stm32h743xx.o(.text)
    CRS_IRQHandler                           0x08000493   Thumb Code     0  startup_stm32h743xx.o(.text)
    DCMI_IRQHandler                          0x08000493   Thumb Code     0  startup_stm32h743xx.o(.text)
    DFSDM1_FLT0_IRQHandler                   0x08000493   Thumb Code     0  startup_stm32h743xx.o(.text)
    DFSDM1_FLT1_IRQHandler                   0x08000493   Thumb Code     0  startup_stm32h743xx.o(.text)
    DFSDM1_FLT2_IRQHandler                   0x08000493   Thumb Code     0  startup_stm32h743xx.o(.text)
    DFSDM1_FLT3_IRQHandler                   0x08000493   Thumb Code     0  startup_stm32h743xx.o(.text)
    DMA1_Stream0_IRQHandler                  0x08000493   Thumb Code     0  startup_stm32h743xx.o(.text)
    DMA1_Stream1_IRQHandler                  0x08000493   Thumb Code     0  startup_stm32h743xx.o(.text)
    DMA1_Stream2_IRQHandler                  0x08000493   Thumb Code     0  startup_stm32h743xx.o(.text)
    DMA1_Stream3_IRQHandler                  0x08000493   Thumb Code     0  startup_stm32h743xx.o(.text)
    DMA1_Stream4_IRQHandler                  0x08000493   Thumb Code     0  startup_stm32h743xx.o(.text)
    DMA1_Stream5_IRQHandler                  0x08000493   Thumb Code     0  startup_stm32h743xx.o(.text)
    DMA1_Stream6_IRQHandler                  0x08000493   Thumb Code     0  startup_stm32h743xx.o(.text)
    DMA1_Stream7_IRQHandler                  0x08000493   Thumb Code     0  startup_stm32h743xx.o(.text)
    DMA2D_IRQHandler                         0x08000493   Thumb Code     0  startup_stm32h743xx.o(.text)
    DMA2_Stream0_IRQHandler                  0x08000493   Thumb Code     0  startup_stm32h743xx.o(.text)
    DMA2_Stream1_IRQHandler                  0x08000493   Thumb Code     0  startup_stm32h743xx.o(.text)
    DMA2_Stream2_IRQHandler                  0x08000493   Thumb Code     0  startup_stm32h743xx.o(.text)
    DMA2_Stream3_IRQHandler                  0x08000493   Thumb Code     0  startup_stm32h743xx.o(.text)
    DMA2_Stream4_IRQHandler                  0x08000493   Thumb Code     0  startup_stm32h743xx.o(.text)
    DMA2_Stream5_IRQHandler                  0x08000493   Thumb Code     0  startup_stm32h743xx.o(.text)
    DMA2_Stream6_IRQHandler                  0x08000493   Thumb Code     0  startup_stm32h743xx.o(.text)
    DMA2_Stream7_IRQHandler                  0x08000493   Thumb Code     0  startup_stm32h743xx.o(.text)
    DMAMUX1_OVR_IRQHandler                   0x08000493   Thumb Code     0  startup_stm32h743xx.o(.text)
    DMAMUX2_OVR_IRQHandler                   0x08000493   Thumb Code     0  startup_stm32h743xx.o(.text)
    ETH_IRQHandler                           0x08000493   Thumb Code     0  startup_stm32h743xx.o(.text)
    ETH_WKUP_IRQHandler                      0x08000493   Thumb Code     0  startup_stm32h743xx.o(.text)
    EXTI0_IRQHandler                         0x08000493   Thumb Code     0  startup_stm32h743xx.o(.text)
    EXTI15_10_IRQHandler                     0x08000493   Thumb Code     0  startup_stm32h743xx.o(.text)
    EXTI1_IRQHandler                         0x08000493   Thumb Code     0  startup_stm32h743xx.o(.text)
    EXTI2_IRQHandler                         0x08000493   Thumb Code     0  startup_stm32h743xx.o(.text)
    EXTI3_IRQHandler                         0x08000493   Thumb Code     0  startup_stm32h743xx.o(.text)
    EXTI4_IRQHandler                         0x08000493   Thumb Code     0  startup_stm32h743xx.o(.text)
    EXTI9_5_IRQHandler                       0x08000493   Thumb Code     0  startup_stm32h743xx.o(.text)
    FDCAN1_IT0_IRQHandler                    0x08000493   Thumb Code     0  startup_stm32h743xx.o(.text)
    FDCAN1_IT1_IRQHandler                    0x08000493   Thumb Code     0  startup_stm32h743xx.o(.text)
    FDCAN2_IT0_IRQHandler                    0x08000493   Thumb Code     0  startup_stm32h743xx.o(.text)
    FDCAN2_IT1_IRQHandler                    0x08000493   Thumb Code     0  startup_stm32h743xx.o(.text)
    FDCAN_CAL_IRQHandler                     0x08000493   Thumb Code     0  startup_stm32h743xx.o(.text)
    FLASH_IRQHandler                         0x08000493   Thumb Code     0  startup_stm32h743xx.o(.text)
    FMC_IRQHandler                           0x08000493   Thumb Code     0  startup_stm32h743xx.o(.text)
    FPU_IRQHandler                           0x08000493   Thumb Code     0  startup_stm32h743xx.o(.text)
    HRTIM1_FLT_IRQHandler                    0x08000493   Thumb Code     0  startup_stm32h743xx.o(.text)
    HRTIM1_Master_IRQHandler                 0x08000493   Thumb Code     0  startup_stm32h743xx.o(.text)
    HRTIM1_TIMA_IRQHandler                   0x08000493   Thumb Code     0  startup_stm32h743xx.o(.text)
    HRTIM1_TIMB_IRQHandler                   0x08000493   Thumb Code     0  startup_stm32h743xx.o(.text)
    HRTIM1_TIMC_IRQHandler                   0x08000493   Thumb Code     0  startup_stm32h743xx.o(.text)
    HRTIM1_TIMD_IRQHandler                   0x08000493   Thumb Code     0  startup_stm32h743xx.o(.text)
    HRTIM1_TIME_IRQHandler                   0x08000493   Thumb Code     0  startup_stm32h743xx.o(.text)
    HSEM1_IRQHandler                         0x08000493   Thumb Code     0  startup_stm32h743xx.o(.text)
    I2C1_ER_IRQHandler                       0x08000493   Thumb Code     0  startup_stm32h743xx.o(.text)
    I2C1_EV_IRQHandler                       0x08000493   Thumb Code     0  startup_stm32h743xx.o(.text)
    I2C2_ER_IRQHandler                       0x08000493   Thumb Code     0  startup_stm32h743xx.o(.text)
    I2C2_EV_IRQHandler                       0x08000493   Thumb Code     0  startup_stm32h743xx.o(.text)
    I2C3_ER_IRQHandler                       0x08000493   Thumb Code     0  startup_stm32h743xx.o(.text)
    I2C3_EV_IRQHandler                       0x08000493   Thumb Code     0  startup_stm32h743xx.o(.text)
    I2C4_ER_IRQHandler                       0x08000493   Thumb Code     0  startup_stm32h743xx.o(.text)
    I2C4_EV_IRQHandler                       0x08000493   Thumb Code     0  startup_stm32h743xx.o(.text)
    JPEG_IRQHandler                          0x08000493   Thumb Code     0  startup_stm32h743xx.o(.text)
    LPTIM1_IRQHandler                        0x08000493   Thumb Code     0  startup_stm32h743xx.o(.text)
    LPTIM2_IRQHandler                        0x08000493   Thumb Code     0  startup_stm32h743xx.o(.text)
    LPTIM3_IRQHandler                        0x08000493   Thumb Code     0  startup_stm32h743xx.o(.text)
    LPTIM4_IRQHandler                        0x08000493   Thumb Code     0  startup_stm32h743xx.o(.text)
    LPTIM5_IRQHandler                        0x08000493   Thumb Code     0  startup_stm32h743xx.o(.text)
    LPUART1_IRQHandler                       0x08000493   Thumb Code     0  startup_stm32h743xx.o(.text)
    LTDC_ER_IRQHandler                       0x08000493   Thumb Code     0  startup_stm32h743xx.o(.text)
    LTDC_IRQHandler                          0x08000493   Thumb Code     0  startup_stm32h743xx.o(.text)
    MDIOS_IRQHandler                         0x08000493   Thumb Code     0  startup_stm32h743xx.o(.text)
    MDIOS_WKUP_IRQHandler                    0x08000493   Thumb Code     0  startup_stm32h743xx.o(.text)
    MDMA_IRQHandler                          0x08000493   Thumb Code     0  startup_stm32h743xx.o(.text)
    OTG_FS_EP1_IN_IRQHandler                 0x08000493   Thumb Code     0  startup_stm32h743xx.o(.text)
    OTG_FS_EP1_OUT_IRQHandler                0x08000493   Thumb Code     0  startup_stm32h743xx.o(.text)
    OTG_FS_IRQHandler                        0x08000493   Thumb Code     0  startup_stm32h743xx.o(.text)
    OTG_FS_WKUP_IRQHandler                   0x08000493   Thumb Code     0  startup_stm32h743xx.o(.text)
    OTG_HS_EP1_IN_IRQHandler                 0x08000493   Thumb Code     0  startup_stm32h743xx.o(.text)
    OTG_HS_EP1_OUT_IRQHandler                0x08000493   Thumb Code     0  startup_stm32h743xx.o(.text)
    OTG_HS_IRQHandler                        0x08000493   Thumb Code     0  startup_stm32h743xx.o(.text)
    OTG_HS_WKUP_IRQHandler                   0x08000493   Thumb Code     0  startup_stm32h743xx.o(.text)
    PVD_AVD_IRQHandler                       0x08000493   Thumb Code     0  startup_stm32h743xx.o(.text)
    QUADSPI_IRQHandler                       0x08000493   Thumb Code     0  startup_stm32h743xx.o(.text)
    RCC_IRQHandler                           0x08000493   Thumb Code     0  startup_stm32h743xx.o(.text)
    RNG_IRQHandler                           0x08000493   Thumb Code     0  startup_stm32h743xx.o(.text)
    RTC_Alarm_IRQHandler                     0x08000493   Thumb Code     0  startup_stm32h743xx.o(.text)
    RTC_WKUP_IRQHandler                      0x08000493   Thumb Code     0  startup_stm32h743xx.o(.text)
    SAI1_IRQHandler                          0x08000493   Thumb Code     0  startup_stm32h743xx.o(.text)
    SAI2_IRQHandler                          0x08000493   Thumb Code     0  startup_stm32h743xx.o(.text)
    SAI3_IRQHandler                          0x08000493   Thumb Code     0  startup_stm32h743xx.o(.text)
    SAI4_IRQHandler                          0x08000493   Thumb Code     0  startup_stm32h743xx.o(.text)
    SDMMC1_IRQHandler                        0x08000493   Thumb Code     0  startup_stm32h743xx.o(.text)
    SDMMC2_IRQHandler                        0x08000493   Thumb Code     0  startup_stm32h743xx.o(.text)
    SPDIF_RX_IRQHandler                      0x08000493   Thumb Code     0  startup_stm32h743xx.o(.text)
    SPI1_IRQHandler                          0x08000493   Thumb Code     0  startup_stm32h743xx.o(.text)
    SPI2_IRQHandler                          0x08000493   Thumb Code     0  startup_stm32h743xx.o(.text)
    SPI3_IRQHandler                          0x08000493   Thumb Code     0  startup_stm32h743xx.o(.text)
    SPI4_IRQHandler                          0x08000493   Thumb Code     0  startup_stm32h743xx.o(.text)
    SPI5_IRQHandler                          0x08000493   Thumb Code     0  startup_stm32h743xx.o(.text)
    SPI6_IRQHandler                          0x08000493   Thumb Code     0  startup_stm32h743xx.o(.text)
    SWPMI1_IRQHandler                        0x08000493   Thumb Code     0  startup_stm32h743xx.o(.text)
    TAMP_STAMP_IRQHandler                    0x08000493   Thumb Code     0  startup_stm32h743xx.o(.text)
    TIM15_IRQHandler                         0x08000493   Thumb Code     0  startup_stm32h743xx.o(.text)
    TIM16_IRQHandler                         0x08000493   Thumb Code     0  startup_stm32h743xx.o(.text)
    TIM17_IRQHandler                         0x08000493   Thumb Code     0  startup_stm32h743xx.o(.text)
    TIM1_BRK_IRQHandler                      0x08000493   Thumb Code     0  startup_stm32h743xx.o(.text)
    TIM1_CC_IRQHandler                       0x08000493   Thumb Code     0  startup_stm32h743xx.o(.text)
    TIM1_TRG_COM_IRQHandler                  0x08000493   Thumb Code     0  startup_stm32h743xx.o(.text)
    TIM1_UP_IRQHandler                       0x08000493   Thumb Code     0  startup_stm32h743xx.o(.text)
    TIM2_IRQHandler                          0x08000493   Thumb Code     0  startup_stm32h743xx.o(.text)
    TIM3_IRQHandler                          0x08000493   Thumb Code     0  startup_stm32h743xx.o(.text)
    TIM5_IRQHandler                          0x08000493   Thumb Code     0  startup_stm32h743xx.o(.text)
    TIM6_DAC_IRQHandler                      0x08000493   Thumb Code     0  startup_stm32h743xx.o(.text)
    TIM7_IRQHandler                          0x08000493   Thumb Code     0  startup_stm32h743xx.o(.text)
    TIM8_BRK_TIM12_IRQHandler                0x08000493   Thumb Code     0  startup_stm32h743xx.o(.text)
    TIM8_CC_IRQHandler                       0x08000493   Thumb Code     0  startup_stm32h743xx.o(.text)
    TIM8_TRG_COM_TIM14_IRQHandler            0x08000493   Thumb Code     0  startup_stm32h743xx.o(.text)
    TIM8_UP_TIM13_IRQHandler                 0x08000493   Thumb Code     0  startup_stm32h743xx.o(.text)
    UART4_IRQHandler                         0x08000493   Thumb Code     0  startup_stm32h743xx.o(.text)
    UART5_IRQHandler                         0x08000493   Thumb Code     0  startup_stm32h743xx.o(.text)
    UART7_IRQHandler                         0x08000493   Thumb Code     0  startup_stm32h743xx.o(.text)
    UART8_IRQHandler                         0x08000493   Thumb Code     0  startup_stm32h743xx.o(.text)
    USART2_IRQHandler                        0x08000493   Thumb Code     0  startup_stm32h743xx.o(.text)
    USART3_IRQHandler                        0x08000493   Thumb Code     0  startup_stm32h743xx.o(.text)
    USART6_IRQHandler                        0x08000493   Thumb Code     0  startup_stm32h743xx.o(.text)
    WAKEUP_PIN_IRQHandler                    0x08000493   Thumb Code     0  startup_stm32h743xx.o(.text)
    WWDG_IRQHandler                          0x08000493   Thumb Code     0  startup_stm32h743xx.o(.text)
    __user_initial_stackheap                 0x08000495   Thumb Code     0  startup_stm32h743xx.o(.text)
    __use_no_semihosting                     0x080004b9   Thumb Code     2  use_no_semi_2.o(.text)
    __2printf                                0x080004bd   Thumb Code    20  __2printf.o(.text)
    _printf_pre_padding                      0x080004d5   Thumb Code    44  _printf_pad.o(.text)
    _printf_post_padding                     0x08000501   Thumb Code    34  _printf_pad.o(.text)
    _printf_str                              0x08000523   Thumb Code    82  _printf_str.o(.text)
    _printf_int_dec                          0x08000575   Thumb Code   104  _printf_dec.o(.text)
    _printf_int_hex                          0x080005ed   Thumb Code    84  _printf_hex_int.o(.text)
    _printf_longlong_hex                     0x080005ed   Thumb Code     0  _printf_hex_int.o(.text)
    __printf                                 0x08000645   Thumb Code   388  __printf_flags_ss_wp.o(.text)
    __aeabi_memclr                           0x080007cd   Thumb Code     0  rt_memclr.o(.text)
    __rt_memclr                              0x080007cd   Thumb Code    68  rt_memclr.o(.text)
    _memset                                  0x080007d1   Thumb Code     0  rt_memclr.o(.text)
    __aeabi_memclr4                          0x08000811   Thumb Code     0  rt_memclr_w.o(.text)
    __aeabi_memclr8                          0x08000811   Thumb Code     0  rt_memclr_w.o(.text)
    __rt_memclr_w                            0x08000811   Thumb Code    78  rt_memclr_w.o(.text)
    _memset_w                                0x08000815   Thumb Code     0  rt_memclr_w.o(.text)
    strncpy                                  0x0800085f   Thumb Code    86  strncpy.o(.text)
    strcmp                                   0x080008b5   Thumb Code   104  strcmpv7m_pel.o(.text)
    __use_two_region_memory                  0x0800091d   Thumb Code     2  heapauxi.o(.text)
    __rt_heap_escrow$2region                 0x0800091f   Thumb Code     2  heapauxi.o(.text)
    __rt_heap_expand$2region                 0x08000921   Thumb Code     2  heapauxi.o(.text)
    __I$use$semihosting                      0x08000923   Thumb Code     0  use_no_semi.o(.text)
    __use_no_semihosting_swi                 0x08000923   Thumb Code     2  use_no_semi.o(.text)
    _printf_int_common                       0x08000925   Thumb Code   178  _printf_intcommon.o(.text)
    _printf_char_common                      0x080009e3   Thumb Code    32  _printf_char_common.o(.text)
    _printf_cs_common                        0x08000a09   Thumb Code    20  _printf_char.o(.text)
    _printf_char                             0x08000a1d   Thumb Code    16  _printf_char.o(.text)
    _printf_string                           0x08000a2d   Thumb Code     8  _printf_char.o(.text)
    _printf_char_file                        0x08000a35   Thumb Code    32  _printf_char_file.o(.text)
    ferror                                   0x08000a59   Thumb Code     8  ferror.o(.text)
    __user_setup_stackheap                   0x08000a61   Thumb Code    74  sys_stackheap_outer.o(.text)
    exit                                     0x08000aab   Thumb Code    18  exit.o(.text)
    __user_libspace                          0x08000abd   Thumb Code     8  libspace.o(.text)
    __user_perproc_libspace                  0x08000abd   Thumb Code     0  libspace.o(.text)
    __user_perthread_libspace                0x08000abd   Thumb Code     0  libspace.o(.text)
    Cache_Enable                             0x08000ac5   Thumb Code    24  sys.o(i.Cache_Enable)
    GPIO_AF_Set                              0x08000ae1   Thumb Code    64  sys.o(i.GPIO_AF_Set)
    GPIO_Pin_Get                             0x08000b21   Thumb Code    16  sys.o(i.GPIO_Pin_Get)
    GPIO_Pin_Set                             0x08000b31   Thumb Code    14  sys.o(i.GPIO_Pin_Set)
    GPIO_Set                                 0x08000b3f   Thumb Code   222  sys.o(i.GPIO_Set)
    Init_component_db                        0x08000c1d   Thumb Code    14  component_data_struct.o(i.Init_component_db)
    LCD_Clear                                0x08000c31   Thumb Code    58  lcd.o(i.LCD_Clear)
    LCD_Display_Dir                          0x08000c79   Thumb Code   390  lcd.o(i.LCD_Display_Dir)
    LCD_Init                                 0x08000e09   Thumb Code 11678  lcd.o(i.LCD_Init)
    LCD_RD_DATA                              0x08003bb9   Thumb Code    14  lcd.o(i.LCD_RD_DATA)
    LCD_SSD_BackLightSet                     0x08003bcd   Thumb Code    72  lcd.o(i.LCD_SSD_BackLightSet)
    LCD_Scan_Dir                             0x08003c1d   Thumb Code   572  lcd.o(i.LCD_Scan_Dir)
    LCD_SetCursor                            0x08003e5d   Thumb Code   282  lcd.o(i.LCD_SetCursor)
    LCD_WR_DATA                              0x08003f7d   Thumb Code    18  lcd.o(i.LCD_WR_DATA)
    LCD_WR_REG                               0x08003f95   Thumb Code    18  lcd.o(i.LCD_WR_REG)
    LCD_WriteRAM_Prepare                     0x08003fad   Thumb Code    10  lcd.o(i.LCD_WriteRAM_Prepare)
    LCD_WriteReg                             0x08003fc1   Thumb Code    10  lcd.o(i.LCD_WriteReg)
    LTDC_Clear                               0x08003fd1   Thumb Code    32  ltdc.o(i.LTDC_Clear)
    LTDC_Clk_Set                             0x08003ff5   Thumb Code   226  ltdc.o(i.LTDC_Clk_Set)
    LTDC_Display_Dir                         0x080040dd   Thumb Code    40  ltdc.o(i.LTDC_Display_Dir)
    LTDC_Fill                                0x08004109   Thumb Code   312  ltdc.o(i.LTDC_Fill)
    LTDC_Init                                0x08004251   Thumb Code   968  ltdc.o(i.LTDC_Init)
    LTDC_Layer_Parameter_Config              0x08004645   Thumb Code    88  ltdc.o(i.LTDC_Layer_Parameter_Config)
    LTDC_Layer_Switch                        0x080046a1   Thumb Code   102  ltdc.o(i.LTDC_Layer_Switch)
    LTDC_Layer_Window_Config                 0x0800470d   Thumb Code   282  ltdc.o(i.LTDC_Layer_Window_Config)
    LTDC_PanelID_Read                        0x08004831   Thumb Code   154  ltdc.o(i.LTDC_PanelID_Read)
    LTDC_Select_Layer                        0x080048d9   Thumb Code     6  ltdc.o(i.LTDC_Select_Layer)
    LTDC_Switch                              0x080048e5   Thumb Code    34  ltdc.o(i.LTDC_Switch)
    MY_NVIC_Init                             0x0800490d   Thumb Code   116  sys.o(i.MY_NVIC_Init)
    MY_NVIC_PriorityGroupConfig              0x08004985   Thumb Code    32  sys.o(i.MY_NVIC_PriorityGroupConfig)
    MY_NVIC_SetVectorTable                   0x080049ad   Thumb Code    12  sys.o(i.MY_NVIC_SetVectorTable)
    MemManage_Handler                        0x080049bd   Thumb Code    46  mpu.o(i.MemManage_Handler)
    QSPI_Init                                0x08004a1d   Thumb Code   258  qspi.o(i.QSPI_Init)
    QSPI_Receive                             0x08004b31   Thumb Code   156  qspi.o(i.QSPI_Receive)
    QSPI_Send_CMD                            0x08004bd1   Thumb Code   124  qspi.o(i.QSPI_Send_CMD)
    QSPI_Transmit                            0x08004c51   Thumb Code   148  qspi.o(i.QSPI_Transmit)
    QSPI_Wait_Flag                           0x08004ce9   Thumb Code    48  qspi.o(i.QSPI_Wait_Flag)
    SDRAM_RGBLCD_Set                         0x08004e35   Thumb Code    62  sdram.o(i.SDRAM_RGBLCD_Set)
    SDRAM_Send_Cmd                           0x08004e7d   Thumb Code    66  sdram.o(i.SDRAM_Send_Cmd)
    Stm32_Clock_Init                         0x08004ec5   Thumb Code    92  sys.o(i.Stm32_Clock_Init)
    Sys_Clock_Set                            0x08004f29   Thumb Code   558  sys.o(i.Sys_Clock_Set)
    Sys_Soft_Reset                           0x08005169   Thumb Code     8  sys.o(i.Sys_Soft_Reset)
    TIM4_IRQHandler                          0x08005179   Thumb Code    50  usmart.o(i.TIM4_IRQHandler)
    Test_add_categoties                      0x080051b5   Thumb Code   276  component_data_struct.o(i.Test_add_categoties)
    Timer4_Init                              0x0800533d   Thumb Code    72  usmart.o(i.Timer4_Init)
    USART1_IRQHandler                        0x0800538d   Thumb Code   128  usart.o(i.USART1_IRQHandler)
    W25QXX_Erase_Chip                        0x08005419   Thumb Code    28  w25qxx.o(i.W25QXX_Erase_Chip)
    W25QXX_Erase_Sector                      0x08005435   Thumb Code    32  w25qxx.o(i.W25QXX_Erase_Sector)
    W25QXX_Init                              0x08005455   Thumb Code    94  w25qxx.o(i.W25QXX_Init)
    W25QXX_Qspi_Disable                      0x080054b9   Thumb Code    22  w25qxx.o(i.W25QXX_Qspi_Disable)
    W25QXX_Qspi_Enable                       0x080054d5   Thumb Code    52  w25qxx.o(i.W25QXX_Qspi_Enable)
    W25QXX_ReadID                            0x0800550d   Thumb Code    58  w25qxx.o(i.W25QXX_ReadID)
    W25QXX_ReadSR                            0x0800554d   Thumb Code    88  w25qxx.o(i.W25QXX_ReadSR)
    W25QXX_Wait_Busy                         0x080055a9   Thumb Code    20  w25qxx.o(i.W25QXX_Wait_Busy)
    W25QXX_Write_Enable                      0x080055bd   Thumb Code    36  w25qxx.o(i.W25QXX_Write_Enable)
    W25QXX_Write_SR                          0x080055e5   Thumb Code    80  w25qxx.o(i.W25QXX_Write_SR)
    _is_digit                                0x08005639   Thumb Code    14  __printf_wp.o(i._is_digit)
    _sys_exit                                0x08005647   Thumb Code     4  usart.o(i._sys_exit)
    add_category                             0x0800564d   Thumb Code   164  component_data_struct.o(i.add_category)
    delay_init                               0x0800575d   Thumb Code    22  delay.o(i.delay_init)
    delay_ms                                 0x08005779   Thumb Code    50  delay.o(i.delay_ms)
    delay_us                                 0x080057ad   Thumb Code    72  delay.o(i.delay_us)
    delay_xms                                0x080057f9   Thumb Code    78  delay.o(i.delay_xms)
    delete_category                          0x0800584d   Thumb Code   126  component_data_struct.o(i.delete_category)
    find_category_available                  0x08005905   Thumb Code    58  component_data_struct.o(i.find_category_available)
    find_category_index                      0x08005945   Thumb Code    48  component_data_struct.o(i.find_category_index)
    fputc                                    0x08005975   Thumb Code    22  usart.o(i.fputc)
    main                                     0x08005991   Thumb Code    62  test.o(i.main)
    read_addr                                0x080059d9   Thumb Code     6  usmart.o(i.read_addr)
    uart_init                                0x080059e1   Thumb Code   170  usart.o(i.uart_init)
    usmart_cmd_rec                           0x08005a9d   Thumb Code   170  usmart.o(i.usmart_cmd_rec)
    usmart_exe                               0x08005b4d   Thumb Code   632  usmart.o(i.usmart_exe)
    usmart_get_aparm                         0x08005e21   Thumb Code   212  usmart_str.o(i.usmart_get_aparm)
    usmart_get_cmdname                       0x08005ef5   Thumb Code    54  usmart_str.o(i.usmart_get_cmdname)
    usmart_get_fname                         0x08005f2d   Thumb Code   440  usmart_str.o(i.usmart_get_fname)
    usmart_get_fparam                        0x080060ed   Thumb Code   262  usmart_str.o(i.usmart_get_fparam)
    usmart_get_parmpos                       0x080061f9   Thumb Code    26  usmart_str.o(i.usmart_get_parmpos)
    usmart_get_runtime                       0x08006219   Thumb Code    56  usmart.o(i.usmart_get_runtime)
    usmart_init                              0x08006259   Thumb Code    36  usmart.o(i.usmart_init)
    usmart_pow                               0x08006281   Thumb Code    22  usmart_str.o(i.usmart_pow)
    usmart_reset_runtime                     0x08006299   Thumb Code    38  usmart.o(i.usmart_reset_runtime)
    usmart_scan                              0x080062c9   Thumb Code   120  usmart.o(i.usmart_scan)
    usmart_search_nextc                      0x08006385   Thumb Code    22  usmart_str.o(i.usmart_search_nextc)
    usmart_str2num                           0x0800639b   Thumb Code   262  usmart_str.o(i.usmart_str2num)
    usmart_strcmp                            0x080064a1   Thumb Code    34  usmart_str.o(i.usmart_strcmp)
    usmart_strcopy                           0x080064c3   Thumb Code    22  usmart_str.o(i.usmart_strcopy)
    usmart_strlen                            0x080064d9   Thumb Code    24  usmart_str.o(i.usmart_strlen)
    usmart_sys_cmd_exe                       0x080064f1   Thumb Code  1570  usmart.o(i.usmart_sys_cmd_exe)
    vTaskSwitchContext                       0x08006be5   Thumb Code   118  tasks.o(i.vTaskSwitchContext)
    write_addr                               0x08006c95   Thumb Code     4  usmart.o(i.write_addr)
    _fp_init                                 0x08006c99   Thumb Code    10  fpinit.o(x$fpl$fpinit)
    __fplib_config_fpu_vfp                   0x08006ca1   Thumb Code     0  fpinit.o(x$fpl$fpinit)
    __fplib_config_pureend_doubles           0x08006ca1   Thumb Code     0  fpinit.o(x$fpl$fpinit)
    Region$$Table$$Base                      0x08006e74   Number         0  anon$$obj.o(Region$$Table)
    Region$$Table$$Limit                     0x08006e94   Number         0  anon$$obj.o(Region$$Table)
    __stdout                                 0x24000004   Data           4  usart.o(.data)
    USART_RX_STA                             0x24000008   Data           2  usart.o(.data)
    POINT_COLOR                              0x2400000c   Data           4  lcd.o(.data)
    BACK_COLOR                               0x24000010   Data           4  lcd.o(.data)
    ltdc_framebuf                            0x24000014   Data           8  ltdc.o(.data)
    W25QXX_TYPE                              0x2400001c   Data           2  w25qxx.o(.data)
    W25QXX_QPI_MODE                          0x2400001e   Data           1  w25qxx.o(.data)
    sys_cmd_tab                              0x24000020   Data          28  usmart.o(.data)
    usmart_nametab                           0x2400003c   Data          96  usmart_config.o(.data)
    usmart_dev                               0x2400009c   Data         244  usmart_config.o(.data)
    pxCurrentTCB                             0x24000190   Data           4  tasks.o(.data)
    USART_RX_BUF                             0x240001d0   Data         200  usart.o(.bss)
    lcddev                                   0x24000298   Data          14  lcd.o(.bss)
    lcdltdc                                  0x240002a8   Data          32  ltdc.o(.bss)
    component_classifier                     0x240002c8   Data       380532  component_data_struct.o(.bss)
    __libspace_start                         0x2405d420   Data          96  libspace.o(.bss)
    __temporary_stack_top$libspace           0x2405d480   Data           0  libspace.o(.bss)
    ltdc_lcd_framebuf                        0xc0000000   Data       2048000  ltdc.o(.ARM.__AT_0xC0000000)



==============================================================================

Memory Map of the image

  Image Entry point : 0x08000299

  Load Region LR_IROM1 (Base: 0x08000000, Size: 0x00007064, Max: 0x00200000, ABSOLUTE, COMPRESSED[0x00006f1c])

    Execution Region ER_IROM1 (Exec base: 0x08000000, Load base: 0x08000000, Size: 0x00006e94, Max: 0x00200000, ABSOLUTE)

    Exec Addr    Load Addr    Size         Type   Attr      Idx    E Section Name        Object

    0x08000000   0x08000000   0x00000298   Data   RO            3    RESET               startup_stm32h743xx.o
    0x08000298   0x08000298   0x00000008   Code   RO         2708  * !!!main             c_w.l(__main.o)
    0x080002a0   0x080002a0   0x00000034   Code   RO         2886    !!!scatter          c_w.l(__scatter.o)
    0x080002d4   0x080002d4   0x0000005a   Code   RO         2884    !!dczerorl2         c_w.l(__dczerorl2.o)
    0x0800032e   0x0800032e   0x00000002   PAD
    0x08000330   0x08000330   0x0000001c   Code   RO         2888    !!handler_zi        c_w.l(__scatter_zi.o)
    0x0800034c   0x0800034c   0x00000000   Code   RO         2689    .ARM.Collect$$_printf_percent$$00000000  c_w.l(_printf_percent.o)
    0x0800034c   0x0800034c   0x00000006   Code   RO         2687    .ARM.Collect$$_printf_percent$$00000009  c_w.l(_printf_d.o)
    0x08000352   0x08000352   0x00000006   Code   RO         2688    .ARM.Collect$$_printf_percent$$0000000A  c_w.l(_printf_u.o)
    0x08000358   0x08000358   0x00000006   Code   RO         2686    .ARM.Collect$$_printf_percent$$0000000C  c_w.l(_printf_x.o)
    0x0800035e   0x0800035e   0x00000006   Code   RO         2684    .ARM.Collect$$_printf_percent$$00000013  c_w.l(_printf_c.o)
    0x08000364   0x08000364   0x00000006   Code   RO         2685    .ARM.Collect$$_printf_percent$$00000014  c_w.l(_printf_s.o)
    0x0800036a   0x0800036a   0x00000004   Code   RO         2725    .ARM.Collect$$_printf_percent$$00000017  c_w.l(_printf_percent_end.o)
    0x0800036e   0x0800036e   0x00000002   Code   RO         2758    .ARM.Collect$$libinit$$00000000  c_w.l(libinit.o)
    0x08000370   0x08000370   0x00000004   Code   RO         2764    .ARM.Collect$$libinit$$00000001  c_w.l(libinit2.o)
    0x08000374   0x08000374   0x00000000   Code   RO         2767    .ARM.Collect$$libinit$$00000004  c_w.l(libinit2.o)
    0x08000374   0x08000374   0x00000000   Code   RO         2770    .ARM.Collect$$libinit$$0000000A  c_w.l(libinit2.o)
    0x08000374   0x08000374   0x00000000   Code   RO         2772    .ARM.Collect$$libinit$$0000000C  c_w.l(libinit2.o)
    0x08000374   0x08000374   0x00000000   Code   RO         2774    .ARM.Collect$$libinit$$0000000E  c_w.l(libinit2.o)
    0x08000374   0x08000374   0x00000000   Code   RO         2777    .ARM.Collect$$libinit$$00000011  c_w.l(libinit2.o)
    0x08000374   0x08000374   0x00000000   Code   RO         2779    .ARM.Collect$$libinit$$00000013  c_w.l(libinit2.o)
    0x08000374   0x08000374   0x00000000   Code   RO         2781    .ARM.Collect$$libinit$$00000015  c_w.l(libinit2.o)
    0x08000374   0x08000374   0x00000000   Code   RO         2783    .ARM.Collect$$libinit$$00000017  c_w.l(libinit2.o)
    0x08000374   0x08000374   0x00000000   Code   RO         2785    .ARM.Collect$$libinit$$00000019  c_w.l(libinit2.o)
    0x08000374   0x08000374   0x00000000   Code   RO         2787    .ARM.Collect$$libinit$$0000001B  c_w.l(libinit2.o)
    0x08000374   0x08000374   0x00000000   Code   RO         2789    .ARM.Collect$$libinit$$0000001D  c_w.l(libinit2.o)
    0x08000374   0x08000374   0x00000000   Code   RO         2791    .ARM.Collect$$libinit$$0000001F  c_w.l(libinit2.o)
    0x08000374   0x08000374   0x00000000   Code   RO         2793    .ARM.Collect$$libinit$$00000021  c_w.l(libinit2.o)
    0x08000374   0x08000374   0x00000000   Code   RO         2795    .ARM.Collect$$libinit$$00000023  c_w.l(libinit2.o)
    0x08000374   0x08000374   0x00000000   Code   RO         2797    .ARM.Collect$$libinit$$00000025  c_w.l(libinit2.o)
    0x08000374   0x08000374   0x00000000   Code   RO         2801    .ARM.Collect$$libinit$$0000002C  c_w.l(libinit2.o)
    0x08000374   0x08000374   0x00000000   Code   RO         2803    .ARM.Collect$$libinit$$0000002E  c_w.l(libinit2.o)
    0x08000374   0x08000374   0x00000000   Code   RO         2805    .ARM.Collect$$libinit$$00000030  c_w.l(libinit2.o)
    0x08000374   0x08000374   0x00000000   Code   RO         2807    .ARM.Collect$$libinit$$00000032  c_w.l(libinit2.o)
    0x08000374   0x08000374   0x00000002   Code   RO         2808    .ARM.Collect$$libinit$$00000033  c_w.l(libinit2.o)
    0x08000376   0x08000376   0x00000002   Code   RO         2826    .ARM.Collect$$libshutdown$$00000000  c_w.l(libshutdown.o)
    0x08000378   0x08000378   0x00000000   Code   RO         2836    .ARM.Collect$$libshutdown$$00000002  c_w.l(libshutdown2.o)
    0x08000378   0x08000378   0x00000000   Code   RO         2838    .ARM.Collect$$libshutdown$$00000004  c_w.l(libshutdown2.o)
    0x08000378   0x08000378   0x00000000   Code   RO         2840    .ARM.Collect$$libshutdown$$00000006  c_w.l(libshutdown2.o)
    0x08000378   0x08000378   0x00000000   Code   RO         2843    .ARM.Collect$$libshutdown$$00000009  c_w.l(libshutdown2.o)
    0x08000378   0x08000378   0x00000000   Code   RO         2846    .ARM.Collect$$libshutdown$$0000000C  c_w.l(libshutdown2.o)
    0x08000378   0x08000378   0x00000000   Code   RO         2848    .ARM.Collect$$libshutdown$$0000000E  c_w.l(libshutdown2.o)
    0x08000378   0x08000378   0x00000000   Code   RO         2851    .ARM.Collect$$libshutdown$$00000011  c_w.l(libshutdown2.o)
    0x08000378   0x08000378   0x00000002   Code   RO         2852    .ARM.Collect$$libshutdown$$00000012  c_w.l(libshutdown2.o)
    0x0800037a   0x0800037a   0x00000000   Code   RO         2712    .ARM.Collect$$rtentry$$00000000  c_w.l(__rtentry.o)
    0x0800037a   0x0800037a   0x00000000   Code   RO         2729    .ARM.Collect$$rtentry$$00000002  c_w.l(__rtentry2.o)
    0x0800037a   0x0800037a   0x00000006   Code   RO         2741    .ARM.Collect$$rtentry$$00000004  c_w.l(__rtentry4.o)
    0x08000380   0x08000380   0x00000000   Code   RO         2731    .ARM.Collect$$rtentry$$00000009  c_w.l(__rtentry2.o)
    0x08000380   0x08000380   0x00000004   Code   RO         2732    .ARM.Collect$$rtentry$$0000000A  c_w.l(__rtentry2.o)
    0x08000384   0x08000384   0x00000000   Code   RO         2734    .ARM.Collect$$rtentry$$0000000C  c_w.l(__rtentry2.o)
    0x08000384   0x08000384   0x00000008   Code   RO         2735    .ARM.Collect$$rtentry$$0000000D  c_w.l(__rtentry2.o)
    0x0800038c   0x0800038c   0x00000002   Code   RO         2762    .ARM.Collect$$rtexit$$00000000  c_w.l(rtexit.o)
    0x0800038e   0x0800038e   0x00000000   Code   RO         2810    .ARM.Collect$$rtexit$$00000002  c_w.l(rtexit2.o)
    0x0800038e   0x0800038e   0x00000004   Code   RO         2811    .ARM.Collect$$rtexit$$00000003  c_w.l(rtexit2.o)
    0x08000392   0x08000392   0x00000006   Code   RO         2812    .ARM.Collect$$rtexit$$00000004  c_w.l(rtexit2.o)
    0x08000398   0x08000398   0x000000c2   Code   RO         2533    .emb_text           port.o
    0x0800045a   0x0800045a   0x00000002   PAD
    0x0800045c   0x0800045c   0x0000005c   Code   RO            4    .text               startup_stm32h743xx.o
    0x080004b8   0x080004b8   0x00000002   Code   RO         2625    .text               c_w.l(use_no_semi_2.o)
    0x080004ba   0x080004ba   0x00000002   PAD
    0x080004bc   0x080004bc   0x00000018   Code   RO         2627    .text               c_w.l(__2printf.o)
    0x080004d4   0x080004d4   0x0000004e   Code   RO         2637    .text               c_w.l(_printf_pad.o)
    0x08000522   0x08000522   0x00000052   Code   RO         2639    .text               c_w.l(_printf_str.o)
    0x08000574   0x08000574   0x00000078   Code   RO         2641    .text               c_w.l(_printf_dec.o)
    0x080005ec   0x080005ec   0x00000058   Code   RO         2646    .text               c_w.l(_printf_hex_int.o)
    0x08000644   0x08000644   0x00000188   Code   RO         2681    .text               c_w.l(__printf_flags_ss_wp.o)
    0x080007cc   0x080007cc   0x00000044   Code   RO         2698    .text               c_w.l(rt_memclr.o)
    0x08000810   0x08000810   0x0000004e   Code   RO         2700    .text               c_w.l(rt_memclr_w.o)
    0x0800085e   0x0800085e   0x00000056   Code   RO         2702    .text               c_w.l(strncpy.o)
    0x080008b4   0x080008b4   0x00000068   Code   RO         2704    .text               c_w.l(strcmpv7m_pel.o)
    0x0800091c   0x0800091c   0x00000006   Code   RO         2706    .text               c_w.l(heapauxi.o)
    0x08000922   0x08000922   0x00000002   Code   RO         2710    .text               c_w.l(use_no_semi.o)
    0x08000924   0x08000924   0x000000b2   Code   RO         2713    .text               c_w.l(_printf_intcommon.o)
    0x080009d6   0x080009d6   0x00000002   PAD
    0x080009d8   0x080009d8   0x00000030   Code   RO         2715    .text               c_w.l(_printf_char_common.o)
    0x08000a08   0x08000a08   0x0000002c   Code   RO         2721    .text               c_w.l(_printf_char.o)
    0x08000a34   0x08000a34   0x00000024   Code   RO         2723    .text               c_w.l(_printf_char_file.o)
    0x08000a58   0x08000a58   0x00000008   Code   RO         2745    .text               c_w.l(ferror.o)
    0x08000a60   0x08000a60   0x0000004a   Code   RO         2749    .text               c_w.l(sys_stackheap_outer.o)
    0x08000aaa   0x08000aaa   0x00000012   Code   RO         2751    .text               c_w.l(exit.o)
    0x08000abc   0x08000abc   0x00000008   Code   RO         2759    .text               c_w.l(libspace.o)
    0x08000ac4   0x08000ac4   0x0000001c   Code   RO          168    i.Cache_Enable      sys.o
    0x08000ae0   0x08000ae0   0x00000040   Code   RO          170    i.GPIO_AF_Set       sys.o
    0x08000b20   0x08000b20   0x00000010   Code   RO          171    i.GPIO_Pin_Get      sys.o
    0x08000b30   0x08000b30   0x0000000e   Code   RO          172    i.GPIO_Pin_Set      sys.o
    0x08000b3e   0x08000b3e   0x000000de   Code   RO          173    i.GPIO_Set          sys.o
    0x08000c1c   0x08000c1c   0x00000014   Code   RO         1048    i.Init_component_db  component_data_struct.o
    0x08000c30   0x08000c30   0x00000048   Code   RO          462    i.LCD_Clear         lcd.o
    0x08000c78   0x08000c78   0x00000190   Code   RO          466    i.LCD_Display_Dir   lcd.o
    0x08000e08   0x08000e08   0x00002db0   Code   RO          473    i.LCD_Init          lcd.o
    0x08003bb8   0x08003bb8   0x00000014   Code   RO          475    i.LCD_RD_DATA       lcd.o
    0x08003bcc   0x08003bcc   0x00000050   Code   RO          478    i.LCD_SSD_BackLightSet  lcd.o
    0x08003c1c   0x08003c1c   0x00000240   Code   RO          479    i.LCD_Scan_Dir      lcd.o
    0x08003e5c   0x08003e5c   0x00000120   Code   RO          480    i.LCD_SetCursor     lcd.o
    0x08003f7c   0x08003f7c   0x00000018   Code   RO          486    i.LCD_WR_DATA       lcd.o
    0x08003f94   0x08003f94   0x00000018   Code   RO          487    i.LCD_WR_REG        lcd.o
    0x08003fac   0x08003fac   0x00000014   Code   RO          489    i.LCD_WriteRAM_Prepare  lcd.o
    0x08003fc0   0x08003fc0   0x00000010   Code   RO          490    i.LCD_WriteReg      lcd.o
    0x08003fd0   0x08003fd0   0x00000024   Code   RO          738    i.LTDC_Clear        ltdc.o
    0x08003ff4   0x08003ff4   0x000000e8   Code   RO          739    i.LTDC_Clk_Set      ltdc.o
    0x080040dc   0x080040dc   0x0000002c   Code   RO          741    i.LTDC_Display_Dir  ltdc.o
    0x08004108   0x08004108   0x00000148   Code   RO          743    i.LTDC_Fill         ltdc.o
    0x08004250   0x08004250   0x000003f4   Code   RO          744    i.LTDC_Init         ltdc.o
    0x08004644   0x08004644   0x0000005c   Code   RO          745    i.LTDC_Layer_Parameter_Config  ltdc.o
    0x080046a0   0x080046a0   0x0000006c   Code   RO          746    i.LTDC_Layer_Switch  ltdc.o
    0x0800470c   0x0800470c   0x00000124   Code   RO          747    i.LTDC_Layer_Window_Config  ltdc.o
    0x08004830   0x08004830   0x000000a8   Code   RO          748    i.LTDC_PanelID_Read  ltdc.o
    0x080048d8   0x080048d8   0x0000000c   Code   RO          750    i.LTDC_Select_Layer  ltdc.o
    0x080048e4   0x080048e4   0x00000028   Code   RO          751    i.LTDC_Switch       ltdc.o
    0x0800490c   0x0800490c   0x00000078   Code   RO          176    i.MY_NVIC_Init      sys.o
    0x08004984   0x08004984   0x00000028   Code   RO          177    i.MY_NVIC_PriorityGroupConfig  sys.o
    0x080049ac   0x080049ac   0x00000010   Code   RO          178    i.MY_NVIC_SetVectorTable  sys.o
    0x080049bc   0x080049bc   0x00000060   Code   RO          412    i.MemManage_Handler  mpu.o
    0x08004a1c   0x08004a1c   0x00000114   Code   RO          882    i.QSPI_Init         qspi.o
    0x08004b30   0x08004b30   0x000000a0   Code   RO          883    i.QSPI_Receive      qspi.o
    0x08004bd0   0x08004bd0   0x00000080   Code   RO          884    i.QSPI_Send_CMD     qspi.o
    0x08004c50   0x08004c50   0x00000098   Code   RO          885    i.QSPI_Transmit     qspi.o
    0x08004ce8   0x08004ce8   0x00000034   Code   RO          886    i.QSPI_Wait_Flag    qspi.o
    0x08004d1c   0x08004d1c   0x0000009c   Code   RO          179    i.SCB_EnableDCache  sys.o
    0x08004db8   0x08004db8   0x0000007c   Code   RO          180    i.SCB_EnableICache  sys.o
    0x08004e34   0x08004e34   0x00000048   Code   RO          690    i.SDRAM_RGBLCD_Set  sdram.o
    0x08004e7c   0x08004e7c   0x00000048   Code   RO          691    i.SDRAM_Send_Cmd    sdram.o
    0x08004ec4   0x08004ec4   0x00000064   Code   RO          181    i.Stm32_Clock_Init  sys.o
    0x08004f28   0x08004f28   0x00000240   Code   RO          182    i.Sys_Clock_Set     sys.o
    0x08005168   0x08005168   0x00000010   Code   RO          183    i.Sys_Soft_Reset    sys.o
    0x08005178   0x08005178   0x0000003c   Code   RO         1115    i.TIM4_IRQHandler   usmart.o
    0x080051b4   0x080051b4   0x00000188   Code   RO         1049    i.Test_add_categoties  component_data_struct.o
    0x0800533c   0x0800533c   0x00000050   Code   RO         1116    i.Timer4_Init       usmart.o
    0x0800538c   0x0800538c   0x0000008c   Code   RO          299    i.USART1_IRQHandler  usart.o
    0x08005418   0x08005418   0x0000001c   Code   RO          933    i.W25QXX_Erase_Chip  w25qxx.o
    0x08005434   0x08005434   0x00000020   Code   RO          934    i.W25QXX_Erase_Sector  w25qxx.o
    0x08005454   0x08005454   0x00000064   Code   RO          935    i.W25QXX_Init       w25qxx.o
    0x080054b8   0x080054b8   0x0000001c   Code   RO          936    i.W25QXX_Qspi_Disable  w25qxx.o
    0x080054d4   0x080054d4   0x00000038   Code   RO          937    i.W25QXX_Qspi_Enable  w25qxx.o
    0x0800550c   0x0800550c   0x00000040   Code   RO          939    i.W25QXX_ReadID     w25qxx.o
    0x0800554c   0x0800554c   0x0000005c   Code   RO          940    i.W25QXX_ReadSR     w25qxx.o
    0x080055a8   0x080055a8   0x00000014   Code   RO          941    i.W25QXX_Wait_Busy  w25qxx.o
    0x080055bc   0x080055bc   0x00000028   Code   RO          944    i.W25QXX_Write_Enable  w25qxx.o
    0x080055e4   0x080055e4   0x00000054   Code   RO          947    i.W25QXX_Write_SR   w25qxx.o
    0x08005638   0x08005638   0x0000000e   Code   RO         2674    i._is_digit         c_w.l(__printf_wp.o)
    0x08005646   0x08005646   0x00000004   Code   RO          300    i._sys_exit         usart.o
    0x0800564a   0x0800564a   0x00000002   PAD
    0x0800564c   0x0800564c   0x00000110   Code   RO         1050    i.add_category      component_data_struct.o
    0x0800575c   0x0800575c   0x0000001c   Code   RO          123    i.delay_init        delay.o
    0x08005778   0x08005778   0x00000032   Code   RO          124    i.delay_ms          delay.o
    0x080057aa   0x080057aa   0x00000002   PAD
    0x080057ac   0x080057ac   0x0000004c   Code   RO          125    i.delay_us          delay.o
    0x080057f8   0x080057f8   0x00000054   Code   RO          126    i.delay_xms         delay.o
    0x0800584c   0x0800584c   0x000000b8   Code   RO         1051    i.delete_category   component_data_struct.o
    0x08005904   0x08005904   0x00000040   Code   RO         1052    i.find_category_available  component_data_struct.o
    0x08005944   0x08005944   0x00000030   Code   RO         1053    i.find_category_index  component_data_struct.o
    0x08005974   0x08005974   0x0000001c   Code   RO          302    i.fputc             usart.o
    0x08005990   0x08005990   0x00000048   Code   RO           13    i.main              test.o
    0x080059d8   0x080059d8   0x00000006   Code   RO         1117    i.read_addr         usmart.o
    0x080059de   0x080059de   0x00000002   PAD
    0x080059e0   0x080059e0   0x000000bc   Code   RO          303    i.uart_init         usart.o
    0x08005a9c   0x08005a9c   0x000000b0   Code   RO         1118    i.usmart_cmd_rec    usmart.o
    0x08005b4c   0x08005b4c   0x000002d4   Code   RO         1119    i.usmart_exe        usmart.o
    0x08005e20   0x08005e20   0x000000d4   Code   RO         1235    i.usmart_get_aparm  usmart_str.o
    0x08005ef4   0x08005ef4   0x00000036   Code   RO         1236    i.usmart_get_cmdname  usmart_str.o
    0x08005f2a   0x08005f2a   0x00000002   PAD
    0x08005f2c   0x08005f2c   0x000001c0   Code   RO         1237    i.usmart_get_fname  usmart_str.o
    0x080060ec   0x080060ec   0x0000010c   Code   RO         1238    i.usmart_get_fparam  usmart_str.o
    0x080061f8   0x080061f8   0x00000020   Code   RO         1239    i.usmart_get_parmpos  usmart_str.o
    0x08006218   0x08006218   0x00000040   Code   RO         1120    i.usmart_get_runtime  usmart.o
    0x08006258   0x08006258   0x00000028   Code   RO         1121    i.usmart_init       usmart.o
    0x08006280   0x08006280   0x00000016   Code   RO         1240    i.usmart_pow        usmart_str.o
    0x08006296   0x08006296   0x00000002   PAD
    0x08006298   0x08006298   0x00000030   Code   RO         1122    i.usmart_reset_runtime  usmart.o
    0x080062c8   0x080062c8   0x000000bc   Code   RO         1123    i.usmart_scan       usmart.o
    0x08006384   0x08006384   0x00000016   Code   RO         1241    i.usmart_search_nextc  usmart_str.o
    0x0800639a   0x0800639a   0x00000106   Code   RO         1242    i.usmart_str2num    usmart_str.o
    0x080064a0   0x080064a0   0x00000022   Code   RO         1243    i.usmart_strcmp     usmart_str.o
    0x080064c2   0x080064c2   0x00000016   Code   RO         1244    i.usmart_strcopy    usmart_str.o
    0x080064d8   0x080064d8   0x00000018   Code   RO         1245    i.usmart_strlen     usmart_str.o
    0x080064f0   0x080064f0   0x000006f4   Code   RO         1124    i.usmart_sys_cmd_exe  usmart.o
    0x08006be4   0x08006be4   0x000000b0   Code   RO         1871    i.vTaskSwitchContext  tasks.o
    0x08006c94   0x08006c94   0x00000004   Code   RO         1125    i.write_addr        usmart.o
    0x08006c98   0x08006c98   0x0000000a   Code   RO         2818    x$fpl$fpinit        fz_wv.l(fpinit.o)
    0x08006ca2   0x08006ca2   0x00000028   Data   RO         2647    .constdata          c_w.l(_printf_hex_int.o)
    0x08006cca   0x08006cca   0x00000011   Data   RO         2682    .constdata          c_w.l(__printf_flags_ss_wp.o)
    0x08006cdb   0x08006cdb   0x00000001   PAD
    0x08006cdc   0x08006cdc   0x00000028   Data   RO         1126    .conststring        usmart.o
    0x08006d04   0x08006d04   0x0000016f   Data   RO         1210    .conststring        usmart_config.o
    0x08006e73   0x08006e73   0x00000001   PAD
    0x08006e74   0x08006e74   0x00000020   Data   RO         2882    Region$$Table       anon$$obj.o


    Execution Region RW_IRAM2 (Exec base: 0x24000000, Load base: 0x08006e94, Size: 0x0005dc80, Max: 0x00080000, ABSOLUTE, COMPRESSED[0x00000088])

    Exec Addr    Load Addr    Size         Type   Attr      Idx    E Section Name        Object

    0x24000000   COMPRESSED   0x00000002   Data   RW          127    .data               delay.o
    0x24000002   COMPRESSED   0x00000002   PAD
    0x24000004   COMPRESSED   0x00000006   Data   RW          305    .data               usart.o
    0x2400000a   COMPRESSED   0x00000002   PAD
    0x2400000c   COMPRESSED   0x00000008   Data   RW          494    .data               lcd.o
    0x24000014   COMPRESSED   0x00000008   Data   RW          754    .data               ltdc.o
    0x2400001c   COMPRESSED   0x00000003   Data   RW          949    .data               w25qxx.o
    0x2400001f   COMPRESSED   0x00000001   PAD
    0x24000020   COMPRESSED   0x0000001c   Data   RW         1127    .data               usmart.o
    0x2400003c   COMPRESSED   0x00000154   Data   RW         1211    .data               usmart_config.o
    0x24000190   COMPRESSED   0x00000040   Data   RW         1892    .data               tasks.o
    0x240001d0        -       0x000000c8   Zero   RW          304    .bss                usart.o
    0x24000298        -       0x0000000e   Zero   RW          492    .bss                lcd.o
    0x240002a6   COMPRESSED   0x00000002   PAD
    0x240002a8        -       0x00000020   Zero   RW          753    .bss                ltdc.o
    0x240002c8        -       0x0005ce74   Zero   RW         1054    .bss                component_data_struct.o
    0x2405d13c        -       0x000002e4   Zero   RW         1891    .bss                tasks.o
    0x2405d420        -       0x00000060   Zero   RW         2760    .bss                c_w.l(libspace.o)
    0x2405d480        -       0x00000000   Zero   RW            2    HEAP                startup_stm32h743xx.o
    0x2405d480        -       0x00000800   Zero   RW            1    STACK               startup_stm32h743xx.o



  Load Region LR$$.ARM.__AT_0xC0000000 (Base: 0xc0000000, Size: 0x00000000, Max: 0x001f4000, ABSOLUTE)

    Execution Region ER$$.ARM.__AT_0xC0000000 (Exec base: 0xc0000000, Load base: 0xc0000000, Size: 0x001f4000, Max: 0x001f4000, ABSOLUTE, UNINIT)

    Exec Addr    Load Addr    Size         Type   Attr      Idx    E Section Name        Object

    0xc0000000        -       0x001f4000   Zero   RW          752    .ARM.__AT_0xC0000000  ltdc.o


==============================================================================

Image component sizes


      Code (inc. data)   RO Data    RW Data    ZI Data      Debug   Object Name

       980        294          0          0     380532       6490   component_data_struct.o
         0          0          0          0          0       2500   croutine.o
       238         16          0          2          0       2467   delay.o
     13216        172          0          8         14      15550   lcd.o
      2364        126          0          8    2048032       9532   ltdc.o
        96         50          0          0          0        520   mpu.o
       194         16          0          0          0        732   port.o
       768         34          0          0          0       4132   qspi.o
       144         16          0          0          0       1380   sdram.o
        92         26        664          0       2048        860   startup_stm32h743xx.o
      1492         70          0          0          0      43059   sys.o
       176         58          0         64        740      18196   tasks.o
        72         10          0          0          0     951563   test.o
       360         36          0          6        200       4152   usart.o
      3170       1350         40         28          0       7890   usmart.o
         0          0        367        340          0       1564   usmart_config.o
      1400         20          0          0          0       9073   usmart_str.o
       544         34          0          3          0       6430   w25qxx.o

    ----------------------------------------------------------------------
     25318       2328       1104        464    2431568    1086090   Object Totals
         0          0         32          0          0          0   (incl. Generated)
        12          0          1          5          2          0   (incl. Padding)

    ----------------------------------------------------------------------

      Code (inc. data)   RO Data    RW Data    ZI Data      Debug   Library Member Name

        24          4          0          0          0         84   __2printf.o
        90          0          0          0          0          0   __dczerorl2.o
         8          0          0          0          0         68   __main.o
       392          4         17          0          0         92   __printf_flags_ss_wp.o
        14          0          0          0          0         68   __printf_wp.o
         0          0          0          0          0          0   __rtentry.o
        12          0          0          0          0          0   __rtentry2.o
         6          0          0          0          0          0   __rtentry4.o
        52          8          0          0          0          0   __scatter.o
        28          0          0          0          0          0   __scatter_zi.o
         6          0          0          0          0          0   _printf_c.o
        44          0          0          0          0        108   _printf_char.o
        48          6          0          0          0         96   _printf_char_common.o
        36          4          0          0          0         80   _printf_char_file.o
         6          0          0          0          0          0   _printf_d.o
       120         16          0          0          0         92   _printf_dec.o
        88          4         40          0          0         88   _printf_hex_int.o
       178          0          0          0          0         88   _printf_intcommon.o
        78          0          0          0          0        108   _printf_pad.o
         0          0          0          0          0          0   _printf_percent.o
         4          0          0          0          0          0   _printf_percent_end.o
         6          0          0          0          0          0   _printf_s.o
        82          0          0          0          0         80   _printf_str.o
         6          0          0          0          0          0   _printf_u.o
         6          0          0          0          0          0   _printf_x.o
        18          0          0          0          0         80   exit.o
         8          0          0          0          0         68   ferror.o
         6          0          0          0          0        152   heapauxi.o
         2          0          0          0          0          0   libinit.o
         6          0          0          0          0          0   libinit2.o
         2          0          0          0          0          0   libshutdown.o
         2          0          0          0          0          0   libshutdown2.o
         8          4          0          0         96         68   libspace.o
        68          0          0          0          0         68   rt_memclr.o
        78          0          0          0          0         80   rt_memclr_w.o
         2          0          0          0          0          0   rtexit.o
        10          0          0          0          0          0   rtexit2.o
       104          0          0          0          0         68   strcmpv7m_pel.o
        86          0          0          0          0         76   strncpy.o
        74          0          0          0          0         80   sys_stackheap_outer.o
         2          0          0          0          0         68   use_no_semi.o
         2          0          0          0          0         68   use_no_semi_2.o
        10          0          0          0          0        116   fpinit.o

    ----------------------------------------------------------------------
      1828         50         58          0         96       2044   Library Totals
         6          0          1          0          0          0   (incl. Padding)

    ----------------------------------------------------------------------

      Code (inc. data)   RO Data    RW Data    ZI Data      Debug   Library Name

      1812         50         57          0         96       1928   c_w.l
        10          0          0          0          0        116   fz_wv.l

    ----------------------------------------------------------------------
      1828         50         58          0         96       2044   Library Totals

    ----------------------------------------------------------------------

==============================================================================


      Code (inc. data)   RO Data    RW Data    ZI Data      Debug   

     27146       2378       1162        464    2431664    1078746   Grand Totals
     27146       2378       1162        136    2431664    1078746   ELF Image Totals (compressed)
     27146       2378       1162        136          0          0   ROM Totals

==============================================================================

    Total RO  Size (Code + RO Data)                28308 (  27.64kB)
    Total RW  Size (RW Data + ZI Data)           2432128 (2375.13kB)
    Total ROM Size (Code + RO Data + RW Data)      28444 (  27.78kB)

==============================================================================

